=== RUN   TestCreateActivityValid

2025/06/21 17:28:19 [31;1m/home/octavui/Desktop/semestre7/IDS/codeck/backend/models/activity/gorm_activity.go:33 [35;1mERROR: invalid input syntax for type uuid: "1" (SQLSTATE 22P02)
[0m[33m[0.812ms] [34;1m[rows:0][0m INSERT INTO "activities" ("creator_id","title","date","activity_image","description","created_at","updated_at","deleted_at","id") VALUES ('1','New Activity','2025-12-31 00:00:00',NULL,'Dpzinha legal demais','2025-06-21 17:28:19.496','2025-06-21 17:28:19.496',NULL,'1') RETURNING "id"
    activity_controller_test.go:38: handler returned wrong status code: got 400 want 201
--- FAIL: TestCreateActivityValid (0.00s)
=== RUN   TestCreateActivityInvalid

2025/06/21 17:28:19 [31;1m/home/octavui/Desktop/semestre7/IDS/codeck/backend/models/activity/gorm_activity.go:33 [35;1mERROR: invalid input syntax for type uuid: "1" (SQLSTATE 22P02)
[0m[33m[0.870ms] [34;1m[rows:0][0m INSERT INTO "activities" ("creator_id","title","date","activity_image","description","created_at","updated_at","deleted_at","id") VALUES ('1','New Activity','2025-12-31 00:00:00',NULL,'Dpzinha legal demais','2025-06-21 17:28:19.498','2025-06-21 17:28:19.498',NULL,'1') RETURNING "id"
--- PASS: TestCreateActivityInvalid (0.00s)
=== RUN   TestReadActivity

2025/06/21 17:28:19 [31;1m/home/octavui/Desktop/semestre7/IDS/codeck/backend/models/activity/gorm_activity.go:33 [35;1mERROR: invalid input syntax for type uuid: "1" (SQLSTATE 22P02)
[0m[33m[0.792ms] [34;1m[rows:0][0m INSERT INTO "activities" ("creator_id","title","date","activity_image","description","created_at","updated_at","deleted_at","id") VALUES ('1','New Activity','2025-12-31 00:00:00',NULL,'Dpzinha legal demais','2025-06-21 17:28:19.499','2025-06-21 17:28:19.499',NULL,'1') RETURNING "id"

2025/06/21 17:28:19 [31;1m/home/octavui/Desktop/semestre7/IDS/codeck/backend/models/activity/gorm_activity.go:19 [35;1mERROR: invalid input syntax for type uuid: "1" (SQLSTATE 22P02)
[0m[33m[1.015ms] [34;1m[rows:0][0m SELECT * FROM "activities" WHERE id = '1' AND "activities"."deleted_at" IS NULL ORDER BY "activities"."id" LIMIT 1
    activity_controller_test.go:73: handler returned wrong status code: got 404 want 200
    activity_controller_test.go:78: Failed to decode response body
--- FAIL: TestReadActivity (0.00s)
=== RUN   TestUpdateActivityValid

2025/06/21 17:28:19 [31;1m/home/octavui/Desktop/semestre7/IDS/codeck/backend/models/activity/gorm_activity.go:33 [35;1mERROR: invalid input syntax for type uuid: "1" (SQLSTATE 22P02)
[0m[33m[0.735ms] [34;1m[rows:0][0m INSERT INTO "activities" ("creator_id","title","date","activity_image","description","created_at","updated_at","deleted_at","id") VALUES ('1','New Activity','2025-12-31 00:00:00',NULL,'Dpzinha legal demais','2025-06-21 17:28:19.502','2025-06-21 17:28:19.502',NULL,'1') RETURNING "id"

2025/06/21 17:28:19 [31;1m/home/octavui/Desktop/semestre7/IDS/codeck/backend/models/activity/gorm_activity.go:39 [35;1mERROR: invalid input syntax for type uuid: "1" (SQLSTATE 22P02)
[0m[33m[0.621ms] [34;1m[rows:0][0m SELECT * FROM "activities" WHERE id = '1' AND "activities"."deleted_at" IS NULL ORDER BY "activities"."id" LIMIT 1
    activity_controller_test.go:105: handler returned wrong status code: got 404 want 200
--- FAIL: TestUpdateActivityValid (0.00s)
=== RUN   TestUpdateActivityInvalid

2025/06/21 17:28:19 [31;1m/home/octavui/Desktop/semestre7/IDS/codeck/backend/models/activity/gorm_activity.go:33 [35;1mERROR: invalid input syntax for type uuid: "1" (SQLSTATE 22P02)
[0m[33m[0.739ms] [34;1m[rows:0][0m INSERT INTO "activities" ("creator_id","title","date","activity_image","description","created_at","updated_at","deleted_at","id") VALUES ('1','New Activity','2025-12-31 00:00:00',NULL,'Dpzinha legal demais','2025-06-21 17:28:19.504','2025-06-21 17:28:19.504',NULL,'1') RETURNING "id"
--- PASS: TestUpdateActivityInvalid (0.00s)
=== RUN   TestDeleteActivityInvalid

2025/06/21 17:28:19 [31;1m/home/octavui/Desktop/semestre7/IDS/codeck/backend/models/activity/gorm_activity.go:33 [35;1mERROR: invalid input syntax for type uuid: "1" (SQLSTATE 22P02)
[0m[33m[0.860ms] [34;1m[rows:0][0m INSERT INTO "activities" ("creator_id","title","date","activity_image","description","created_at","updated_at","deleted_at","id") VALUES ('1','New Activity','2025-12-31 00:00:00',NULL,'Dpzinha legal demais','2025-06-21 17:28:19.505','2025-06-21 17:28:19.505',NULL,'1') RETURNING "id"

2025/06/21 17:28:19 [31;1m/home/octavui/Desktop/semestre7/IDS/codeck/backend/models/activity/gorm_activity.go:19 [35;1mERROR: invalid input syntax for type uuid: "1" (SQLSTATE 22P02)
[0m[33m[0.609ms] [34;1m[rows:0][0m SELECT * FROM "activities" WHERE id = '1' AND "activities"."deleted_at" IS NULL ORDER BY "activities"."id" LIMIT 1
    activity_controller_test.go:147: handler returned wrong status code: got 404 want 403
--- FAIL: TestDeleteActivityInvalid (0.00s)
=== RUN   TestDeleteActivityValid

2025/06/21 17:28:19 [31;1m/home/octavui/Desktop/semestre7/IDS/codeck/backend/models/activity/gorm_activity.go:33 [35;1mERROR: invalid input syntax for type uuid: "1" (SQLSTATE 22P02)
[0m[33m[0.748ms] [34;1m[rows:0][0m INSERT INTO "activities" ("creator_id","title","date","activity_image","description","created_at","updated_at","deleted_at","id") VALUES ('1','New Activity','2025-12-31 00:00:00',NULL,'Dpzinha legal demais','2025-06-21 17:28:19.507','2025-06-21 17:28:19.507',NULL,'1') RETURNING "id"

2025/06/21 17:28:19 [31;1m/home/octavui/Desktop/semestre7/IDS/codeck/backend/models/activity/gorm_activity.go:19 [35;1mERROR: invalid input syntax for type uuid: "1" (SQLSTATE 22P02)
[0m[33m[0.537ms] [34;1m[rows:0][0m SELECT * FROM "activities" WHERE id = '1' AND "activities"."deleted_at" IS NULL ORDER BY "activities"."id" LIMIT 1
    activity_controller_test.go:168: handler returned wrong status code: got 404 want 204
--- FAIL: TestDeleteActivityValid (0.00s)
=== RUN   TestGetCommentsByActivityValid

2025/06/21 17:28:19 [31;1m/home/octavui/Desktop/semestre7/IDS/codeck/backend/models/comment/gorm_comment.go:28 [35;1mERROR: invalid input syntax for type uuid: "1" (SQLSTATE 22P02)
[0m[33m[0.729ms] [34;1m[rows:0][0m INSERT INTO "comments" ("activity_id","user_id","content","created_at","updated_at","deleted_at","id") VALUES ('1','1','Great activity!','2025-06-21 17:28:19.509','2025-06-21 17:28:19.509',NULL,'1') RETURNING "id"

2025/06/21 17:28:19 [31;1m/home/octavui/Desktop/semestre7/IDS/codeck/backend/models/activity/gorm_activity.go:33 [35;1mERROR: invalid input syntax for type uuid: "1" (SQLSTATE 22P02)
[0m[33m[0.710ms] [34;1m[rows:0][0m INSERT INTO "activities" ("creator_id","title","date","activity_image","description","created_at","updated_at","deleted_at","id") VALUES ('1','New Activity','2025-12-31 00:00:00',NULL,'Dpzinha legal demais','2025-06-21 17:28:19.51','2025-06-21 17:28:19.51',NULL,'1') RETURNING "id"

2025/06/21 17:28:19 [31;1m/home/octavui/Desktop/semestre7/IDS/codeck/backend/models/activity/gorm_activity.go:19 [35;1mERROR: invalid input syntax for type uuid: "1" (SQLSTATE 22P02)
[0m[33m[0.577ms] [34;1m[rows:0][0m SELECT * FROM "activities" WHERE id = '1' AND "activities"."deleted_at" IS NULL ORDER BY "activities"."id" LIMIT 1
    comment_controller_test.go:30: handler returned wrong status code: got 404 want 200
    comment_controller_test.go:35: Failed to decode response body
--- FAIL: TestGetCommentsByActivityValid (0.00s)
=== RUN   TestGetCommentsByActivityNotFound

2025/06/21 17:28:19 [31;1m/home/octavui/Desktop/semestre7/IDS/codeck/backend/models/comment/gorm_comment.go:28 [35;1mERROR: invalid input syntax for type uuid: "1" (SQLSTATE 22P02)
[0m[33m[0.686ms] [34;1m[rows:0][0m INSERT INTO "comments" ("activity_id","user_id","content","created_at","updated_at","deleted_at","id") VALUES ('1','1','Great activity!','2025-06-21 17:28:19.512','2025-06-21 17:28:19.512',NULL,'1') RETURNING "id"

2025/06/21 17:28:19 [31;1m/home/octavui/Desktop/semestre7/IDS/codeck/backend/models/activity/gorm_activity.go:33 [35;1mERROR: invalid input syntax for type uuid: "1" (SQLSTATE 22P02)
[0m[33m[0.686ms] [34;1m[rows:0][0m INSERT INTO "activities" ("creator_id","title","date","activity_image","description","created_at","updated_at","deleted_at","id") VALUES ('1','New Activity','2025-12-31 00:00:00',NULL,'Dpzinha legal demais','2025-06-21 17:28:19.513','2025-06-21 17:28:19.513',NULL,'1') RETURNING "id"

2025/06/21 17:28:19 [31;1m/home/octavui/Desktop/semestre7/IDS/codeck/backend/models/activity/gorm_activity.go:19 [35;1mERROR: invalid input syntax for type uuid: "999" (SQLSTATE 22P02)
[0m[33m[0.781ms] [34;1m[rows:0][0m SELECT * FROM "activities" WHERE id = '999' AND "activities"."deleted_at" IS NULL ORDER BY "activities"."id" LIMIT 1
--- PASS: TestGetCommentsByActivityNotFound (0.00s)
=== RUN   TestCreateCommentValid

2025/06/21 17:28:19 [31;1m/home/octavui/Desktop/semestre7/IDS/codeck/backend/models/comment/gorm_comment.go:28 [35;1mERROR: invalid input syntax for type uuid: "1" (SQLSTATE 22P02)
[0m[33m[0.718ms] [34;1m[rows:0][0m INSERT INTO "comments" ("activity_id","user_id","content","created_at","updated_at","deleted_at","id") VALUES ('1','1','Great activity!','2025-06-21 17:28:19.516','2025-06-21 17:28:19.516',NULL,'1') RETURNING "id"

2025/06/21 17:28:19 [31;1m/home/octavui/Desktop/semestre7/IDS/codeck/backend/models/activity/gorm_activity.go:33 [35;1mERROR: invalid input syntax for type uuid: "1" (SQLSTATE 22P02)
[0m[33m[0.766ms] [34;1m[rows:0][0m INSERT INTO "activities" ("creator_id","title","date","activity_image","description","created_at","updated_at","deleted_at","id") VALUES ('1','New Activity','2025-12-31 00:00:00',NULL,'Dpzinha legal demais','2025-06-21 17:28:19.517','2025-06-21 17:28:19.517',NULL,'1') RETURNING "id"

2025/06/21 17:28:19 [31;1m/home/octavui/Desktop/semestre7/IDS/codeck/backend/models/activity/gorm_activity.go:19 [35;1mERROR: invalid input syntax for type uuid: "1" (SQLSTATE 22P02)
[0m[33m[0.533ms] [34;1m[rows:0][0m SELECT * FROM "activities" WHERE id = '1' AND "activities"."deleted_at" IS NULL ORDER BY "activities"."id" LIMIT 1
    comment_controller_test.go:80: handler returned wrong status code: got 404 want 201
    comment_controller_test.go:85: Failed to decode response body
--- FAIL: TestCreateCommentValid (0.00s)
=== RUN   TestCreateCommentInvalidPayload

2025/06/21 17:28:19 [31;1m/home/octavui/Desktop/semestre7/IDS/codeck/backend/models/comment/gorm_comment.go:28 [35;1mERROR: invalid input syntax for type uuid: "1" (SQLSTATE 22P02)
[0m[33m[0.664ms] [34;1m[rows:0][0m INSERT INTO "comments" ("activity_id","user_id","content","created_at","updated_at","deleted_at","id") VALUES ('1','1','Great activity!','2025-06-21 17:28:19.519','2025-06-21 17:28:19.519',NULL,'1') RETURNING "id"

2025/06/21 17:28:19 [31;1m/home/octavui/Desktop/semestre7/IDS/codeck/backend/models/activity/gorm_activity.go:33 [35;1mERROR: invalid input syntax for type uuid: "1" (SQLSTATE 22P02)
[0m[33m[0.728ms] [34;1m[rows:0][0m INSERT INTO "activities" ("creator_id","title","date","activity_image","description","created_at","updated_at","deleted_at","id") VALUES ('1','New Activity','2025-12-31 00:00:00',NULL,'Dpzinha legal demais','2025-06-21 17:28:19.52','2025-06-21 17:28:19.52',NULL,'1') RETURNING "id"

2025/06/21 17:28:19 [31;1m/home/octavui/Desktop/semestre7/IDS/codeck/backend/models/activity/gorm_activity.go:19 [35;1mERROR: invalid input syntax for type uuid: "1" (SQLSTATE 22P02)
[0m[33m[0.547ms] [34;1m[rows:0][0m SELECT * FROM "activities" WHERE id = '1' AND "activities"."deleted_at" IS NULL ORDER BY "activities"."id" LIMIT 1
    comment_controller_test.go:115: handler returned wrong status code: got 404 want 400
--- FAIL: TestCreateCommentInvalidPayload (0.00s)
=== RUN   TestCreateCommentActivityNotFound

2025/06/21 17:28:19 [31;1m/home/octavui/Desktop/semestre7/IDS/codeck/backend/models/comment/gorm_comment.go:28 [35;1mERROR: invalid input syntax for type uuid: "1" (SQLSTATE 22P02)
[0m[33m[0.712ms] [34;1m[rows:0][0m INSERT INTO "comments" ("activity_id","user_id","content","created_at","updated_at","deleted_at","id") VALUES ('1','1','Great activity!','2025-06-21 17:28:19.522','2025-06-21 17:28:19.522',NULL,'1') RETURNING "id"

2025/06/21 17:28:19 [31;1m/home/octavui/Desktop/semestre7/IDS/codeck/backend/models/activity/gorm_activity.go:33 [35;1mERROR: invalid input syntax for type uuid: "1" (SQLSTATE 22P02)
[0m[33m[0.723ms] [34;1m[rows:0][0m INSERT INTO "activities" ("creator_id","title","date","activity_image","description","created_at","updated_at","deleted_at","id") VALUES ('1','New Activity','2025-12-31 00:00:00',NULL,'Dpzinha legal demais','2025-06-21 17:28:19.523','2025-06-21 17:28:19.523',NULL,'1') RETURNING "id"

2025/06/21 17:28:19 [31;1m/home/octavui/Desktop/semestre7/IDS/codeck/backend/models/activity/gorm_activity.go:19 [35;1mERROR: invalid input syntax for type uuid: "999" (SQLSTATE 22P02)
[0m[33m[0.652ms] [34;1m[rows:0][0m SELECT * FROM "activities" WHERE id = '999' AND "activities"."deleted_at" IS NULL ORDER BY "activities"."id" LIMIT 1
--- PASS: TestCreateCommentActivityNotFound (0.00s)
=== RUN   TestDeleteCommentByAuthor

2025/06/21 17:28:19 [31;1m/home/octavui/Desktop/semestre7/IDS/codeck/backend/models/comment/gorm_comment.go:28 [35;1mERROR: invalid input syntax for type uuid: "1" (SQLSTATE 22P02)
[0m[33m[0.768ms] [34;1m[rows:0][0m INSERT INTO "comments" ("activity_id","user_id","content","created_at","updated_at","deleted_at","id") VALUES ('1','1','Great activity!','2025-06-21 17:28:19.525','2025-06-21 17:28:19.525',NULL,'1') RETURNING "id"

2025/06/21 17:28:19 [31;1m/home/octavui/Desktop/semestre7/IDS/codeck/backend/models/activity/gorm_activity.go:33 [35;1mERROR: invalid input syntax for type uuid: "1" (SQLSTATE 22P02)
[0m[33m[0.698ms] [34;1m[rows:0][0m INSERT INTO "activities" ("creator_id","title","date","activity_image","description","created_at","updated_at","deleted_at","id") VALUES ('1','New Activity','2025-12-31 00:00:00',NULL,'Dpzinha legal demais','2025-06-21 17:28:19.526','2025-06-21 17:28:19.526',NULL,'1') RETURNING "id"

2025/06/21 17:28:19 [31;1m/home/octavui/Desktop/semestre7/IDS/codeck/backend/models/comment/gorm_comment.go:28 [35;1mERROR: invalid input syntax for type uuid: "1" (SQLSTATE 22P02)
[0m[33m[0.910ms] [34;1m[rows:0][0m INSERT INTO "comments" ("activity_id","user_id","content","created_at","updated_at","deleted_at") VALUES ('1','2','Comment to be deleted','2025-06-21 17:28:19.527','2025-06-21 17:28:19.527',NULL) RETURNING "id"
    comment_controller_test.go:166: handler returned wrong status code: got 404 want 200

2025/06/21 17:28:19 [31;1m/home/octavui/Desktop/semestre7/IDS/codeck/backend/models/comment/gorm_comment.go:15 [35;1mERROR: invalid input syntax for type uuid: "" (SQLSTATE 22P02)
[0m[33m[0.632ms] [34;1m[rows:0][0m SELECT * FROM "comments" WHERE id = '' AND "comments"."deleted_at" IS NULL ORDER BY "comments"."id" LIMIT 1
--- FAIL: TestDeleteCommentByAuthor (0.00s)
=== RUN   TestDeleteCommentByActivityCreator

2025/06/21 17:28:19 [31;1m/home/octavui/Desktop/semestre7/IDS/codeck/backend/models/comment/gorm_comment.go:28 [35;1mERROR: invalid input syntax for type uuid: "1" (SQLSTATE 22P02)
[0m[33m[0.680ms] [34;1m[rows:0][0m INSERT INTO "comments" ("activity_id","user_id","content","created_at","updated_at","deleted_at","id") VALUES ('1','1','Great activity!','2025-06-21 17:28:19.529','2025-06-21 17:28:19.529',NULL,'1') RETURNING "id"

2025/06/21 17:28:19 [31;1m/home/octavui/Desktop/semestre7/IDS/codeck/backend/models/activity/gorm_activity.go:33 [35;1mERROR: invalid input syntax for type uuid: "1" (SQLSTATE 22P02)
[0m[33m[0.725ms] [34;1m[rows:0][0m INSERT INTO "activities" ("creator_id","title","date","activity_image","description","created_at","updated_at","deleted_at","id") VALUES ('1','New Activity','2025-12-31 00:00:00',NULL,'Dpzinha legal demais','2025-06-21 17:28:19.53','2025-06-21 17:28:19.53',NULL,'1') RETURNING "id"

2025/06/21 17:28:19 [31;1m/home/octavui/Desktop/semestre7/IDS/codeck/backend/models/comment/gorm_comment.go:28 [35;1mERROR: invalid input syntax for type uuid: "1" (SQLSTATE 22P02)
[0m[33m[0.867ms] [34;1m[rows:0][0m INSERT INTO "comments" ("activity_id","user_id","content","created_at","updated_at","deleted_at") VALUES ('1','2','Comment to be deleted by activity creator','2025-06-21 17:28:19.531','2025-06-21 17:28:19.531',NULL) RETURNING "id"
    comment_controller_test.go:201: handler returned wrong status code: got 404 want 200

2025/06/21 17:28:19 [31;1m/home/octavui/Desktop/semestre7/IDS/codeck/backend/models/comment/gorm_comment.go:15 [35;1mERROR: invalid input syntax for type uuid: "" (SQLSTATE 22P02)
[0m[33m[0.630ms] [34;1m[rows:0][0m SELECT * FROM "comments" WHERE id = '' AND "comments"."deleted_at" IS NULL ORDER BY "comments"."id" LIMIT 1
--- FAIL: TestDeleteCommentByActivityCreator (0.00s)
=== RUN   TestDeleteCommentForbidden

2025/06/21 17:28:19 [31;1m/home/octavui/Desktop/semestre7/IDS/codeck/backend/models/comment/gorm_comment.go:28 [35;1mERROR: invalid input syntax for type uuid: "1" (SQLSTATE 22P02)
[0m[33m[0.803ms] [34;1m[rows:0][0m INSERT INTO "comments" ("activity_id","user_id","content","created_at","updated_at","deleted_at","id") VALUES ('1','1','Great activity!','2025-06-21 17:28:19.533','2025-06-21 17:28:19.533',NULL,'1') RETURNING "id"

2025/06/21 17:28:19 [31;1m/home/octavui/Desktop/semestre7/IDS/codeck/backend/models/activity/gorm_activity.go:33 [35;1mERROR: invalid input syntax for type uuid: "1" (SQLSTATE 22P02)
[0m[33m[0.876ms] [34;1m[rows:0][0m INSERT INTO "activities" ("creator_id","title","date","activity_image","description","created_at","updated_at","deleted_at","id") VALUES ('1','New Activity','2025-12-31 00:00:00',NULL,'Dpzinha legal demais','2025-06-21 17:28:19.534','2025-06-21 17:28:19.534',NULL,'1') RETURNING "id"

2025/06/21 17:28:19 [31;1m/home/octavui/Desktop/semestre7/IDS/codeck/backend/models/comment/gorm_comment.go:28 [35;1mERROR: invalid input syntax for type uuid: "1" (SQLSTATE 22P02)
[0m[33m[0.888ms] [34;1m[rows:0][0m INSERT INTO "comments" ("activity_id","user_id","content","created_at","updated_at","deleted_at") VALUES ('1','2','Comment that should not be deletable by unauthorized user','2025-06-21 17:28:19.535','2025-06-21 17:28:19.535',NULL) RETURNING "id"
    comment_controller_test.go:236: handler returned wrong status code: got 404 want 403

2025/06/21 17:28:19 [31;1m/home/octavui/Desktop/semestre7/IDS/codeck/backend/models/comment/gorm_comment.go:15 [35;1mERROR: invalid input syntax for type uuid: "" (SQLSTATE 22P02)
[0m[33m[0.606ms] [34;1m[rows:0][0m SELECT * FROM "comments" WHERE id = '' AND "comments"."deleted_at" IS NULL ORDER BY "comments"."id" LIMIT 1
    comment_controller_test.go:242: Comment should not have been deleted
--- FAIL: TestDeleteCommentForbidden (0.00s)
=== RUN   TestDeleteCommentNotFound

2025/06/21 17:28:19 [31;1m/home/octavui/Desktop/semestre7/IDS/codeck/backend/models/comment/gorm_comment.go:28 [35;1mERROR: invalid input syntax for type uuid: "1" (SQLSTATE 22P02)
[0m[33m[0.779ms] [34;1m[rows:0][0m INSERT INTO "comments" ("activity_id","user_id","content","created_at","updated_at","deleted_at","id") VALUES ('1','1','Great activity!','2025-06-21 17:28:19.537','2025-06-21 17:28:19.537',NULL,'1') RETURNING "id"

2025/06/21 17:28:19 [31;1m/home/octavui/Desktop/semestre7/IDS/codeck/backend/models/activity/gorm_activity.go:33 [35;1mERROR: invalid input syntax for type uuid: "1" (SQLSTATE 22P02)
[0m[33m[0.814ms] [34;1m[rows:0][0m INSERT INTO "activities" ("creator_id","title","date","activity_image","description","created_at","updated_at","deleted_at","id") VALUES ('1','New Activity','2025-12-31 00:00:00',NULL,'Dpzinha legal demais','2025-06-21 17:28:19.539','2025-06-21 17:28:19.539',NULL,'1') RETURNING "id"

2025/06/21 17:28:19 [31;1m/home/octavui/Desktop/semestre7/IDS/codeck/backend/models/comment/gorm_comment.go:15 [35;1mERROR: invalid input syntax for type uuid: "999" (SQLSTATE 22P02)
[0m[33m[0.898ms] [34;1m[rows:0][0m SELECT * FROM "comments" WHERE id = '999' AND "comments"."deleted_at" IS NULL ORDER BY "comments"."id" LIMIT 1
--- PASS: TestDeleteCommentNotFound (0.00s)
=== RUN   TestCreateGroupValid

2025/06/21 17:28:19 [31;1m/home/octavui/Desktop/semestre7/IDS/codeck/backend/models/group/gorm_group.go:125 [35;1mERROR: relation "group_invites" does not exist (SQLSTATE 42P01)
[0m[33m[0.525ms] [34;1m[rows:0][0m DELETE FROM group_invites

2025/06/21 17:28:19 [31;1m/home/octavui/Desktop/semestre7/IDS/codeck/backend/models/group/gorm_group.go:126 [35;1mERROR: relation "group_members" does not exist (SQLSTATE 42P01)
[0m[33m[0.394ms] [34;1m[rows:0][0m DELETE FROM group_members

2025/06/21 17:28:19 [31;1m/home/octavui/Desktop/semestre7/IDS/codeck/backend/models/group/gorm_group.go:26 [35;1mERROR: invalid input syntax for type uuid: "1" (SQLSTATE 22P02)
[0m[33m[0.844ms] [34;1m[rows:0][0m INSERT INTO "groups" ("creator_id","name","start_date","end_date","group_image","description","created_at","updated_at","deleted_at","id") VALUES ('1','New Group','2025-06-21 17:28:19.542','2025-12-31 00:00:00',NULL,'A test group','2025-06-21 17:28:19.542','2025-06-21 17:28:19.542',NULL,'1') RETURNING "id"
    group_controller_test.go:38: handler returned wrong status code: got 400 want 201
--- FAIL: TestCreateGroupValid (0.00s)
=== RUN   TestCreateGroupInvalid

2025/06/21 17:28:19 [31;1m/home/octavui/Desktop/semestre7/IDS/codeck/backend/models/group/gorm_group.go:125 [35;1mERROR: relation "group_invites" does not exist (SQLSTATE 42P01)
[0m[33m[0.465ms] [34;1m[rows:0][0m DELETE FROM group_invites

2025/06/21 17:28:19 [31;1m/home/octavui/Desktop/semestre7/IDS/codeck/backend/models/group/gorm_group.go:126 [35;1mERROR: relation "group_members" does not exist (SQLSTATE 42P01)
[0m[33m[0.264ms] [34;1m[rows:0][0m DELETE FROM group_members

2025/06/21 17:28:19 [31;1m/home/octavui/Desktop/semestre7/IDS/codeck/backend/models/group/gorm_group.go:26 [35;1mERROR: invalid input syntax for type uuid: "1" (SQLSTATE 22P02)
[0m[33m[0.789ms] [34;1m[rows:0][0m INSERT INTO "groups" ("creator_id","name","start_date","end_date","group_image","description","created_at","updated_at","deleted_at","id") VALUES ('1','New Group','2025-06-21 17:28:19.544','2025-12-31 00:00:00',NULL,'A test group','2025-06-21 17:28:19.544','2025-06-21 17:28:19.544',NULL,'1') RETURNING "id"
--- PASS: TestCreateGroupInvalid (0.00s)
=== RUN   TestReadGroup

2025/06/21 17:28:19 [31;1m/home/octavui/Desktop/semestre7/IDS/codeck/backend/models/group/gorm_group.go:125 [35;1mERROR: relation "group_invites" does not exist (SQLSTATE 42P01)
[0m[33m[0.389ms] [34;1m[rows:0][0m DELETE FROM group_invites

2025/06/21 17:28:19 [31;1m/home/octavui/Desktop/semestre7/IDS/codeck/backend/models/group/gorm_group.go:126 [35;1mERROR: relation "group_members" does not exist (SQLSTATE 42P01)
[0m[33m[0.272ms] [34;1m[rows:0][0m DELETE FROM group_members

2025/06/21 17:28:19 [31;1m/home/octavui/Desktop/semestre7/IDS/codeck/backend/models/group/gorm_group.go:26 [35;1mERROR: invalid input syntax for type uuid: "1" (SQLSTATE 22P02)
[0m[33m[0.724ms] [34;1m[rows:0][0m INSERT INTO "groups" ("creator_id","name","start_date","end_date","group_image","description","created_at","updated_at","deleted_at","id") VALUES ('1','New Group','2025-06-21 17:28:19.546','2025-12-31 00:00:00',NULL,'A test group','2025-06-21 17:28:19.546','2025-06-21 17:28:19.546',NULL,'1') RETURNING "id"

2025/06/21 17:28:19 [31;1m/home/octavui/Desktop/semestre7/IDS/codeck/backend/models/group/gorm_group.go:19 [35;1mERROR: invalid input syntax for type uuid: "1" (SQLSTATE 22P02)
[0m[33m[0.647ms] [34;1m[rows:0][0m SELECT * FROM "groups" WHERE id = '1' AND "groups"."deleted_at" IS NULL ORDER BY "groups"."id" LIMIT 1
    group_controller_test.go:74: handler returned wrong status code: got 404 want 200
    group_controller_test.go:79: Failed to decode response body
--- FAIL: TestReadGroup (0.00s)
=== RUN   TestUpdateGroupValid

2025/06/21 17:28:19 [31;1m/home/octavui/Desktop/semestre7/IDS/codeck/backend/models/group/gorm_group.go:125 [35;1mERROR: relation "group_invites" does not exist (SQLSTATE 42P01)
[0m[33m[0.431ms] [34;1m[rows:0][0m DELETE FROM group_invites

2025/06/21 17:28:19 [31;1m/home/octavui/Desktop/semestre7/IDS/codeck/backend/models/group/gorm_group.go:126 [35;1mERROR: relation "group_members" does not exist (SQLSTATE 42P01)
[0m[33m[0.285ms] [34;1m[rows:0][0m DELETE FROM group_members

2025/06/21 17:28:19 [31;1m/home/octavui/Desktop/semestre7/IDS/codeck/backend/models/group/gorm_group.go:26 [35;1mERROR: invalid input syntax for type uuid: "1" (SQLSTATE 22P02)
[0m[33m[0.751ms] [34;1m[rows:0][0m INSERT INTO "groups" ("creator_id","name","start_date","end_date","group_image","description","created_at","updated_at","deleted_at","id") VALUES ('1','New Group','2025-06-21 17:28:19.548','2025-12-31 00:00:00',NULL,'A test group','2025-06-21 17:28:19.548','2025-06-21 17:28:19.548',NULL,'1') RETURNING "id"

2025/06/21 17:28:19 [31;1m/home/octavui/Desktop/semestre7/IDS/codeck/backend/models/group/gorm_group.go:32 [35;1mERROR: invalid input syntax for type uuid: "1" (SQLSTATE 22P02)
[0m[33m[0.566ms] [34;1m[rows:0][0m SELECT * FROM "groups" WHERE id = '1' AND "groups"."deleted_at" IS NULL ORDER BY "groups"."id" LIMIT 1
    group_controller_test.go:106: handler returned wrong status code: got 404 want 200
--- FAIL: TestUpdateGroupValid (0.00s)
=== RUN   TestUpdateGroupInvalid

2025/06/21 17:28:19 [31;1m/home/octavui/Desktop/semestre7/IDS/codeck/backend/models/group/gorm_group.go:125 [35;1mERROR: relation "group_invites" does not exist (SQLSTATE 42P01)
[0m[33m[0.467ms] [34;1m[rows:0][0m DELETE FROM group_invites

2025/06/21 17:28:19 [31;1m/home/octavui/Desktop/semestre7/IDS/codeck/backend/models/group/gorm_group.go:126 [35;1mERROR: relation "group_members" does not exist (SQLSTATE 42P01)
[0m[33m[0.230ms] [34;1m[rows:0][0m DELETE FROM group_members

2025/06/21 17:28:19 [31;1m/home/octavui/Desktop/semestre7/IDS/codeck/backend/models/group/gorm_group.go:26 [35;1mERROR: invalid input syntax for type uuid: "1" (SQLSTATE 22P02)
[0m[33m[0.925ms] [34;1m[rows:0][0m INSERT INTO "groups" ("creator_id","name","start_date","end_date","group_image","description","created_at","updated_at","deleted_at","id") VALUES ('1','New Group','2025-06-21 17:28:19.551','2025-12-31 00:00:00',NULL,'A test group','2025-06-21 17:28:19.551','2025-06-21 17:28:19.551',NULL,'1') RETURNING "id"
--- PASS: TestUpdateGroupInvalid (0.00s)
=== RUN   TestDeleteGroupInvalid

2025/06/21 17:28:19 [31;1m/home/octavui/Desktop/semestre7/IDS/codeck/backend/models/group/gorm_group.go:125 [35;1mERROR: relation "group_invites" does not exist (SQLSTATE 42P01)
[0m[33m[0.324ms] [34;1m[rows:0][0m DELETE FROM group_invites

2025/06/21 17:28:19 [31;1m/home/octavui/Desktop/semestre7/IDS/codeck/backend/models/group/gorm_group.go:126 [35;1mERROR: relation "group_members" does not exist (SQLSTATE 42P01)
[0m[33m[0.187ms] [34;1m[rows:0][0m DELETE FROM group_members

2025/06/21 17:28:19 [31;1m/home/octavui/Desktop/semestre7/IDS/codeck/backend/models/group/gorm_group.go:26 [35;1mERROR: invalid input syntax for type uuid: "1" (SQLSTATE 22P02)
[0m[33m[0.667ms] [34;1m[rows:0][0m INSERT INTO "groups" ("creator_id","name","start_date","end_date","group_image","description","created_at","updated_at","deleted_at","id") VALUES ('1','New Group','2025-06-21 17:28:19.553','2025-12-31 00:00:00',NULL,'A test group','2025-06-21 17:28:19.553','2025-06-21 17:28:19.553',NULL,'1') RETURNING "id"

2025/06/21 17:28:19 [31;1m/home/octavui/Desktop/semestre7/IDS/codeck/backend/models/group/gorm_group.go:19 [35;1mERROR: invalid input syntax for type uuid: "1" (SQLSTATE 22P02)
[0m[33m[0.545ms] [34;1m[rows:0][0m SELECT * FROM "groups" WHERE id = '1' AND "groups"."deleted_at" IS NULL ORDER BY "groups"."id" LIMIT 1
    group_controller_test.go:149: handler returned wrong status code: got 404 want 403
--- FAIL: TestDeleteGroupInvalid (0.00s)
=== RUN   TestDeleteGroupValid

2025/06/21 17:28:19 [31;1m/home/octavui/Desktop/semestre7/IDS/codeck/backend/models/group/gorm_group.go:125 [35;1mERROR: relation "group_invites" does not exist (SQLSTATE 42P01)
[0m[33m[0.371ms] [34;1m[rows:0][0m DELETE FROM group_invites

2025/06/21 17:28:19 [31;1m/home/octavui/Desktop/semestre7/IDS/codeck/backend/models/group/gorm_group.go:126 [35;1mERROR: relation "group_members" does not exist (SQLSTATE 42P01)
[0m[33m[1.364ms] [34;1m[rows:0][0m DELETE FROM group_members

2025/06/21 17:28:19 [31;1m/home/octavui/Desktop/semestre7/IDS/codeck/backend/models/group/gorm_group.go:26 [35;1mERROR: invalid input syntax for type uuid: "1" (SQLSTATE 22P02)
[0m[33m[0.855ms] [34;1m[rows:0][0m INSERT INTO "groups" ("creator_id","name","start_date","end_date","group_image","description","created_at","updated_at","deleted_at","id") VALUES ('1','New Group','2025-06-21 17:28:19.556','2025-12-31 00:00:00',NULL,'A test group','2025-06-21 17:28:19.556','2025-06-21 17:28:19.556',NULL,'1') RETURNING "id"

2025/06/21 17:28:19 [31;1m/home/octavui/Desktop/semestre7/IDS/codeck/backend/models/group/gorm_group.go:19 [35;1mERROR: invalid input syntax for type uuid: "1" (SQLSTATE 22P02)
[0m[33m[0.768ms] [34;1m[rows:0][0m SELECT * FROM "groups" WHERE id = '1' AND "groups"."deleted_at" IS NULL ORDER BY "groups"."id" LIMIT 1
    group_controller_test.go:170: handler returned wrong status code: got 404 want 204
--- FAIL: TestDeleteGroupValid (0.00s)
=== RUN   TestAddUserToGroupValid

2025/06/21 17:28:19 [31;1m/home/octavui/Desktop/semestre7/IDS/codeck/backend/models/group/gorm_group.go:125 [35;1mERROR: relation "group_invites" does not exist (SQLSTATE 42P01)
[0m[33m[0.430ms] [34;1m[rows:0][0m DELETE FROM group_invites

2025/06/21 17:28:19 [31;1m/home/octavui/Desktop/semestre7/IDS/codeck/backend/models/group/gorm_group.go:126 [35;1mERROR: relation "group_members" does not exist (SQLSTATE 42P01)
[0m[33m[0.242ms] [34;1m[rows:0][0m DELETE FROM group_members

2025/06/21 17:28:19 [31;1m/home/octavui/Desktop/semestre7/IDS/codeck/backend/models/group/gorm_group.go:26 [35;1mERROR: invalid input syntax for type uuid: "1" (SQLSTATE 22P02)
[0m[33m[0.780ms] [34;1m[rows:0][0m INSERT INTO "groups" ("creator_id","name","start_date","end_date","group_image","description","created_at","updated_at","deleted_at","id") VALUES ('1','New Group','2025-06-21 17:28:19.559','2025-12-31 00:00:00',NULL,'A test group','2025-06-21 17:28:19.559','2025-06-21 17:28:19.559',NULL,'1') RETURNING "id"

2025/06/21 17:28:19 [31;1m/home/octavui/Desktop/semestre7/IDS/codeck/backend/models/group/gorm_group.go:19 [35;1mERROR: invalid input syntax for type uuid: "1" (SQLSTATE 22P02)
[0m[33m[0.675ms] [34;1m[rows:0][0m SELECT * FROM "groups" WHERE id = '1' AND "groups"."deleted_at" IS NULL ORDER BY "groups"."id" LIMIT 1
    group_controller_test.go:192: handler returned wrong status code: got 404 want 201
--- FAIL: TestAddUserToGroupValid (0.00s)
=== RUN   TestAddUserToGroupInvalid

2025/06/21 17:28:19 [31;1m/home/octavui/Desktop/semestre7/IDS/codeck/backend/models/group/gorm_group.go:125 [35;1mERROR: relation "group_invites" does not exist (SQLSTATE 42P01)
[0m[33m[0.430ms] [34;1m[rows:0][0m DELETE FROM group_invites

2025/06/21 17:28:19 [31;1m/home/octavui/Desktop/semestre7/IDS/codeck/backend/models/group/gorm_group.go:126 [35;1mERROR: relation "group_members" does not exist (SQLSTATE 42P01)
[0m[33m[0.199ms] [34;1m[rows:0][0m DELETE FROM group_members

2025/06/21 17:28:19 [31;1m/home/octavui/Desktop/semestre7/IDS/codeck/backend/models/group/gorm_group.go:26 [35;1mERROR: invalid input syntax for type uuid: "1" (SQLSTATE 22P02)
[0m[33m[0.775ms] [34;1m[rows:0][0m INSERT INTO "groups" ("creator_id","name","start_date","end_date","group_image","description","created_at","updated_at","deleted_at","id") VALUES ('1','New Group','2025-06-21 17:28:19.562','2025-12-31 00:00:00',NULL,'A test group','2025-06-21 17:28:19.562','2025-06-21 17:28:19.562',NULL,'1') RETURNING "id"

2025/06/21 17:28:19 [31;1m/home/octavui/Desktop/semestre7/IDS/codeck/backend/models/group/gorm_group.go:19 [35;1mERROR: invalid input syntax for type uuid: "1" (SQLSTATE 22P02)
[0m[33m[0.577ms] [34;1m[rows:0][0m SELECT * FROM "groups" WHERE id = '1' AND "groups"."deleted_at" IS NULL ORDER BY "groups"."id" LIMIT 1
    group_controller_test.go:213: handler returned wrong status code: got 404 want 400
--- FAIL: TestAddUserToGroupInvalid (0.00s)
=== RUN   TestAddUserToGroupDuplicate

2025/06/21 17:28:19 [31;1m/home/octavui/Desktop/semestre7/IDS/codeck/backend/models/group/gorm_group.go:125 [35;1mERROR: relation "group_invites" does not exist (SQLSTATE 42P01)
[0m[33m[0.371ms] [34;1m[rows:0][0m DELETE FROM group_invites

2025/06/21 17:28:19 [31;1m/home/octavui/Desktop/semestre7/IDS/codeck/backend/models/group/gorm_group.go:126 [35;1mERROR: relation "group_members" does not exist (SQLSTATE 42P01)
[0m[33m[0.273ms] [34;1m[rows:0][0m DELETE FROM group_members

2025/06/21 17:28:19 [31;1m/home/octavui/Desktop/semestre7/IDS/codeck/backend/models/group/gorm_group.go:26 [35;1mERROR: invalid input syntax for type uuid: "1" (SQLSTATE 22P02)
[0m[33m[0.754ms] [34;1m[rows:0][0m INSERT INTO "groups" ("creator_id","name","start_date","end_date","group_image","description","created_at","updated_at","deleted_at","id") VALUES ('1','New Group','2025-06-21 17:28:19.564','2025-12-31 00:00:00',NULL,'A test group','2025-06-21 17:28:19.564','2025-06-21 17:28:19.564',NULL,'1') RETURNING "id"

2025/06/21 17:28:19 [31;1m/home/octavui/Desktop/semestre7/IDS/codeck/backend/models/group/gorm_group.go:19 [35;1mERROR: invalid input syntax for type uuid: "1" (SQLSTATE 22P02)
[0m[33m[0.558ms] [34;1m[rows:0][0m SELECT * FROM "groups" WHERE id = '1' AND "groups"."deleted_at" IS NULL ORDER BY "groups"."id" LIMIT 1

2025/06/21 17:28:19 [31;1m/home/octavui/Desktop/semestre7/IDS/codeck/backend/models/group/gorm_group.go:19 [35;1mERROR: invalid input syntax for type uuid: "1" (SQLSTATE 22P02)
[0m[33m[0.624ms] [34;1m[rows:0][0m SELECT * FROM "groups" WHERE id = '1' AND "groups"."deleted_at" IS NULL ORDER BY "groups"."id" LIMIT 1
    group_controller_test.go:241: handler returned wrong status code: got 404 want 409
--- FAIL: TestAddUserToGroupDuplicate (0.00s)
=== RUN   TestRemoveUserFromGroupValid

2025/06/21 17:28:19 [31;1m/home/octavui/Desktop/semestre7/IDS/codeck/backend/models/group/gorm_group.go:125 [35;1mERROR: relation "group_invites" does not exist (SQLSTATE 42P01)
[0m[33m[0.514ms] [34;1m[rows:0][0m DELETE FROM group_invites

2025/06/21 17:28:19 [31;1m/home/octavui/Desktop/semestre7/IDS/codeck/backend/models/group/gorm_group.go:126 [35;1mERROR: relation "group_members" does not exist (SQLSTATE 42P01)
[0m[33m[0.214ms] [34;1m[rows:0][0m DELETE FROM group_members

2025/06/21 17:28:19 [31;1m/home/octavui/Desktop/semestre7/IDS/codeck/backend/models/group/gorm_group.go:26 [35;1mERROR: invalid input syntax for type uuid: "1" (SQLSTATE 22P02)
[0m[33m[0.710ms] [34;1m[rows:0][0m INSERT INTO "groups" ("creator_id","name","start_date","end_date","group_image","description","created_at","updated_at","deleted_at","id") VALUES ('1','New Group','2025-06-21 17:28:19.567','2025-12-31 00:00:00',NULL,'A test group','2025-06-21 17:28:19.567','2025-06-21 17:28:19.567',NULL,'1') RETURNING "id"

2025/06/21 17:28:19 [31;1m/home/octavui/Desktop/semestre7/IDS/codeck/backend/models/group/gorm_group.go:19 [35;1mERROR: invalid input syntax for type uuid: "1" (SQLSTATE 22P02)
[0m[33m[0.562ms] [34;1m[rows:0][0m SELECT * FROM "groups" WHERE id = '1' AND "groups"."deleted_at" IS NULL ORDER BY "groups"."id" LIMIT 1

2025/06/21 17:28:19 [31;1m/home/octavui/Desktop/semestre7/IDS/codeck/backend/models/group/gorm_group.go:19 [35;1mERROR: invalid input syntax for type uuid: "1" (SQLSTATE 22P02)
[0m[33m[0.561ms] [34;1m[rows:0][0m SELECT * FROM "groups" WHERE id = '1' AND "groups"."deleted_at" IS NULL ORDER BY "groups"."id" LIMIT 1
    group_controller_test.go:273: handler returned wrong status code: got 404 want 200
--- FAIL: TestRemoveUserFromGroupValid (0.00s)
=== RUN   TestRemoveUserFromGroupForbidden

2025/06/21 17:28:19 [31;1m/home/octavui/Desktop/semestre7/IDS/codeck/backend/models/group/gorm_group.go:125 [35;1mERROR: relation "group_invites" does not exist (SQLSTATE 42P01)
[0m[33m[0.368ms] [34;1m[rows:0][0m DELETE FROM group_invites

2025/06/21 17:28:19 [31;1m/home/octavui/Desktop/semestre7/IDS/codeck/backend/models/group/gorm_group.go:126 [35;1mERROR: relation "group_members" does not exist (SQLSTATE 42P01)
[0m[33m[0.252ms] [34;1m[rows:0][0m DELETE FROM group_members

2025/06/21 17:28:19 [31;1m/home/octavui/Desktop/semestre7/IDS/codeck/backend/models/group/gorm_group.go:26 [35;1mERROR: invalid input syntax for type uuid: "1" (SQLSTATE 22P02)
[0m[33m[0.805ms] [34;1m[rows:0][0m INSERT INTO "groups" ("creator_id","name","start_date","end_date","group_image","description","created_at","updated_at","deleted_at","id") VALUES ('1','New Group','2025-06-21 17:28:19.57','2025-12-31 00:00:00',NULL,'A test group','2025-06-21 17:28:19.57','2025-06-21 17:28:19.57',NULL,'1') RETURNING "id"

2025/06/21 17:28:19 [31;1m/home/octavui/Desktop/semestre7/IDS/codeck/backend/models/group/gorm_group.go:19 [35;1mERROR: invalid input syntax for type uuid: "1" (SQLSTATE 22P02)
[0m[33m[0.702ms] [34;1m[rows:0][0m SELECT * FROM "groups" WHERE id = '1' AND "groups"."deleted_at" IS NULL ORDER BY "groups"."id" LIMIT 1

2025/06/21 17:28:19 [31;1m/home/octavui/Desktop/semestre7/IDS/codeck/backend/models/group/gorm_group.go:19 [35;1mERROR: invalid input syntax for type uuid: "1" (SQLSTATE 22P02)
[0m[33m[0.862ms] [34;1m[rows:0][0m SELECT * FROM "groups" WHERE id = '1' AND "groups"."deleted_at" IS NULL ORDER BY "groups"."id" LIMIT 1
    group_controller_test.go:305: handler returned wrong status code: got 404 want 403
--- FAIL: TestRemoveUserFromGroupForbidden (0.00s)
=== RUN   TestGetGroupMembers

2025/06/21 17:28:19 [31;1m/home/octavui/Desktop/semestre7/IDS/codeck/backend/models/group/gorm_group.go:125 [35;1mERROR: relation "group_invites" does not exist (SQLSTATE 42P01)
[0m[33m[0.498ms] [34;1m[rows:0][0m DELETE FROM group_invites

2025/06/21 17:28:19 [31;1m/home/octavui/Desktop/semestre7/IDS/codeck/backend/models/group/gorm_group.go:126 [35;1mERROR: relation "group_members" does not exist (SQLSTATE 42P01)
[0m[33m[0.296ms] [34;1m[rows:0][0m DELETE FROM group_members

2025/06/21 17:28:19 [31;1m/home/octavui/Desktop/semestre7/IDS/codeck/backend/models/group/gorm_group.go:26 [35;1mERROR: invalid input syntax for type uuid: "1" (SQLSTATE 22P02)
[0m[33m[0.858ms] [34;1m[rows:0][0m INSERT INTO "groups" ("creator_id","name","start_date","end_date","group_image","description","created_at","updated_at","deleted_at","id") VALUES ('1','New Group','2025-06-21 17:28:19.574','2025-12-31 00:00:00',NULL,'A test group','2025-06-21 17:28:19.575','2025-06-21 17:28:19.575',NULL,'1') RETURNING "id"

2025/06/21 17:28:19 [31;1m/home/octavui/Desktop/semestre7/IDS/codeck/backend/models/group/gorm_group.go:19 [35;1mERROR: invalid input syntax for type uuid: "1" (SQLSTATE 22P02)
[0m[33m[0.678ms] [34;1m[rows:0][0m SELECT * FROM "groups" WHERE id = '1' AND "groups"."deleted_at" IS NULL ORDER BY "groups"."id" LIMIT 1

2025/06/21 17:28:19 [31;1m/home/octavui/Desktop/semestre7/IDS/codeck/backend/models/group/gorm_group.go:19 [35;1mERROR: invalid input syntax for type uuid: "1" (SQLSTATE 22P02)
[0m[33m[0.562ms] [34;1m[rows:0][0m SELECT * FROM "groups" WHERE id = '1' AND "groups"."deleted_at" IS NULL ORDER BY "groups"."id" LIMIT 1

2025/06/21 17:28:19 [31;1m/home/octavui/Desktop/semestre7/IDS/codeck/backend/models/group/gorm_group.go:19 [35;1mERROR: invalid input syntax for type uuid: "1" (SQLSTATE 22P02)
[0m[33m[0.582ms] [34;1m[rows:0][0m SELECT * FROM "groups" WHERE id = '1' AND "groups"."deleted_at" IS NULL ORDER BY "groups"."id" LIMIT 1
    group_controller_test.go:334: handler returned wrong status code: got 404 want 200
    group_controller_test.go:339: Failed to decode response body
--- FAIL: TestGetGroupMembers (0.00s)
=== RUN   TestCreateInviteLinkValid

2025/06/21 17:28:19 [31;1m/home/octavui/Desktop/semestre7/IDS/codeck/backend/models/group/gorm_group.go:125 [35;1mERROR: relation "group_invites" does not exist (SQLSTATE 42P01)
[0m[33m[0.418ms] [34;1m[rows:0][0m DELETE FROM group_invites

2025/06/21 17:28:19 [31;1m/home/octavui/Desktop/semestre7/IDS/codeck/backend/models/group/gorm_group.go:126 [35;1mERROR: relation "group_members" does not exist (SQLSTATE 42P01)
[0m[33m[0.245ms] [34;1m[rows:0][0m DELETE FROM group_members

2025/06/21 17:28:19 [31;1m/home/octavui/Desktop/semestre7/IDS/codeck/backend/models/group/gorm_group.go:26 [35;1mERROR: invalid input syntax for type uuid: "1" (SQLSTATE 22P02)
[0m[33m[0.760ms] [34;1m[rows:0][0m INSERT INTO "groups" ("creator_id","name","start_date","end_date","group_image","description","created_at","updated_at","deleted_at","id") VALUES ('1','New Group','2025-06-21 17:28:19.578','2025-12-31 00:00:00',NULL,'A test group','2025-06-21 17:28:19.579','2025-06-21 17:28:19.579',NULL,'1') RETURNING "id"

2025/06/21 17:28:19 [31;1m/home/octavui/Desktop/semestre7/IDS/codeck/backend/models/group/gorm_group.go:19 [35;1mERROR: invalid input syntax for type uuid: "1" (SQLSTATE 22P02)
[0m[33m[0.541ms] [34;1m[rows:0][0m SELECT * FROM "groups" WHERE id = '1' AND "groups"."deleted_at" IS NULL ORDER BY "groups"."id" LIMIT 1
    group_controller_test.go:364: handler returned wrong status code: got 404 want 201
    group_controller_test.go:369: Failed to decode response body
--- FAIL: TestCreateInviteLinkValid (0.00s)
=== RUN   TestCreateInviteLinkForbidden

2025/06/21 17:28:19 [31;1m/home/octavui/Desktop/semestre7/IDS/codeck/backend/models/group/gorm_group.go:125 [35;1mERROR: relation "group_invites" does not exist (SQLSTATE 42P01)
[0m[33m[0.330ms] [34;1m[rows:0][0m DELETE FROM group_invites

2025/06/21 17:28:19 [31;1m/home/octavui/Desktop/semestre7/IDS/codeck/backend/models/group/gorm_group.go:126 [35;1mERROR: relation "group_members" does not exist (SQLSTATE 42P01)
[0m[33m[0.231ms] [34;1m[rows:0][0m DELETE FROM group_members

2025/06/21 17:28:19 [31;1m/home/octavui/Desktop/semestre7/IDS/codeck/backend/models/group/gorm_group.go:26 [35;1mERROR: invalid input syntax for type uuid: "1" (SQLSTATE 22P02)
[0m[33m[0.748ms] [34;1m[rows:0][0m INSERT INTO "groups" ("creator_id","name","start_date","end_date","group_image","description","created_at","updated_at","deleted_at","id") VALUES ('1','New Group','2025-06-21 17:28:19.581','2025-12-31 00:00:00',NULL,'A test group','2025-06-21 17:28:19.581','2025-06-21 17:28:19.581',NULL,'1') RETURNING "id"

2025/06/21 17:28:19 [31;1m/home/octavui/Desktop/semestre7/IDS/codeck/backend/models/group/gorm_group.go:19 [35;1mERROR: invalid input syntax for type uuid: "1" (SQLSTATE 22P02)
[0m[33m[0.564ms] [34;1m[rows:0][0m SELECT * FROM "groups" WHERE id = '1' AND "groups"."deleted_at" IS NULL ORDER BY "groups"."id" LIMIT 1
    group_controller_test.go:394: handler returned wrong status code: got 404 want 403
--- FAIL: TestCreateInviteLinkForbidden (0.00s)
=== RUN   TestJoinGroupByInviteValid

2025/06/21 17:28:19 [31;1m/home/octavui/Desktop/semestre7/IDS/codeck/backend/models/group/gorm_group.go:125 [35;1mERROR: relation "group_invites" does not exist (SQLSTATE 42P01)
[0m[33m[0.548ms] [34;1m[rows:0][0m DELETE FROM group_invites

2025/06/21 17:28:19 [31;1m/home/octavui/Desktop/semestre7/IDS/codeck/backend/models/group/gorm_group.go:126 [35;1mERROR: relation "group_members" does not exist (SQLSTATE 42P01)
[0m[33m[0.201ms] [34;1m[rows:0][0m DELETE FROM group_members

2025/06/21 17:28:19 [31;1m/home/octavui/Desktop/semestre7/IDS/codeck/backend/models/group/gorm_group.go:26 [35;1mERROR: invalid input syntax for type uuid: "1" (SQLSTATE 22P02)
[0m[33m[0.758ms] [34;1m[rows:0][0m INSERT INTO "groups" ("creator_id","name","start_date","end_date","group_image","description","created_at","updated_at","deleted_at","id") VALUES ('1','New Group','2025-06-21 17:28:19.584','2025-12-31 00:00:00',NULL,'A test group','2025-06-21 17:28:19.584','2025-06-21 17:28:19.584',NULL,'1') RETURNING "id"

2025/06/21 17:28:19 [31;1m/home/octavui/Desktop/semestre7/IDS/codeck/backend/models/group/gorm_group.go:19 [35;1mERROR: invalid input syntax for type uuid: "1" (SQLSTATE 22P02)
[0m[33m[0.637ms] [34;1m[rows:0][0m SELECT * FROM "groups" WHERE id = '1' AND "groups"."deleted_at" IS NULL ORDER BY "groups"."id" LIMIT 1
    group_controller_test.go:430: handler returned wrong status code: got 301 want 200
--- FAIL: TestJoinGroupByInviteValid (0.00s)
=== RUN   TestJoinGroupByInviteInvalidCode

2025/06/21 17:28:19 [31;1m/home/octavui/Desktop/semestre7/IDS/codeck/backend/models/group/gorm_group.go:125 [35;1mERROR: relation "group_invites" does not exist (SQLSTATE 42P01)
[0m[33m[0.428ms] [34;1m[rows:0][0m DELETE FROM group_invites

2025/06/21 17:28:19 [31;1m/home/octavui/Desktop/semestre7/IDS/codeck/backend/models/group/gorm_group.go:126 [35;1mERROR: relation "group_members" does not exist (SQLSTATE 42P01)
[0m[33m[0.280ms] [34;1m[rows:0][0m DELETE FROM group_members

2025/06/21 17:28:19 [31;1m/home/octavui/Desktop/semestre7/IDS/codeck/backend/models/group/gorm_group.go:26 [35;1mERROR: invalid input syntax for type uuid: "1" (SQLSTATE 22P02)
[0m[33m[0.756ms] [34;1m[rows:0][0m INSERT INTO "groups" ("creator_id","name","start_date","end_date","group_image","description","created_at","updated_at","deleted_at","id") VALUES ('1','New Group','2025-06-21 17:28:19.586','2025-12-31 00:00:00',NULL,'A test group','2025-06-21 17:28:19.586','2025-06-21 17:28:19.586',NULL,'1') RETURNING "id"

2025/06/21 17:28:19 [31;1m/home/octavui/Desktop/semestre7/IDS/codeck/backend/models/group/gorm_group.go:102 [35;1mERROR: relation "group_invites" does not exist (SQLSTATE 42P01)
[0m[33m[0.555ms] [34;1m[rows:0][0m SELECT * FROM "group_invites" WHERE invite_code = 'INVALID123' AND "group_invites"."deleted_at" IS NULL ORDER BY "group_invites"."invite_code" LIMIT 1
--- PASS: TestJoinGroupByInviteInvalidCode (0.00s)
=== RUN   TestJoinGroupByInviteDuplicateUser

2025/06/21 17:28:19 [31;1m/home/octavui/Desktop/semestre7/IDS/codeck/backend/models/group/gorm_group.go:125 [35;1mERROR: relation "group_invites" does not exist (SQLSTATE 42P01)
[0m[33m[0.237ms] [34;1m[rows:0][0m DELETE FROM group_invites

2025/06/21 17:28:19 [31;1m/home/octavui/Desktop/semestre7/IDS/codeck/backend/models/group/gorm_group.go:126 [35;1mERROR: relation "group_members" does not exist (SQLSTATE 42P01)
[0m[33m[0.288ms] [34;1m[rows:0][0m DELETE FROM group_members

2025/06/21 17:28:19 [31;1m/home/octavui/Desktop/semestre7/IDS/codeck/backend/models/group/gorm_group.go:26 [35;1mERROR: invalid input syntax for type uuid: "1" (SQLSTATE 22P02)
[0m[33m[0.912ms] [34;1m[rows:0][0m INSERT INTO "groups" ("creator_id","name","start_date","end_date","group_image","description","created_at","updated_at","deleted_at","id") VALUES ('1','New Group','2025-06-21 17:28:19.589','2025-12-31 00:00:00',NULL,'A test group','2025-06-21 17:28:19.589','2025-06-21 17:28:19.589',NULL,'1') RETURNING "id"

2025/06/21 17:28:19 [31;1m/home/octavui/Desktop/semestre7/IDS/codeck/backend/models/group/gorm_group.go:19 [35;1mERROR: invalid input syntax for type uuid: "1" (SQLSTATE 22P02)
[0m[33m[0.753ms] [34;1m[rows:0][0m SELECT * FROM "groups" WHERE id = '1' AND "groups"."deleted_at" IS NULL ORDER BY "groups"."id" LIMIT 1
    group_controller_test.go:493: handler returned wrong status code: got 301 want 409
--- FAIL: TestJoinGroupByInviteDuplicateUser (0.00s)
=== RUN   TestGetGroupInvites

2025/06/21 17:28:19 [31;1m/home/octavui/Desktop/semestre7/IDS/codeck/backend/models/group/gorm_group.go:125 [35;1mERROR: relation "group_invites" does not exist (SQLSTATE 42P01)
[0m[33m[0.563ms] [34;1m[rows:0][0m DELETE FROM group_invites

2025/06/21 17:28:19 [31;1m/home/octavui/Desktop/semestre7/IDS/codeck/backend/models/group/gorm_group.go:126 [35;1mERROR: relation "group_members" does not exist (SQLSTATE 42P01)
[0m[33m[0.229ms] [34;1m[rows:0][0m DELETE FROM group_members

2025/06/21 17:28:19 [31;1m/home/octavui/Desktop/semestre7/IDS/codeck/backend/models/group/gorm_group.go:26 [35;1mERROR: invalid input syntax for type uuid: "1" (SQLSTATE 22P02)
[0m[33m[0.758ms] [34;1m[rows:0][0m INSERT INTO "groups" ("creator_id","name","start_date","end_date","group_image","description","created_at","updated_at","deleted_at","id") VALUES ('1','New Group','2025-06-21 17:28:19.592','2025-12-31 00:00:00',NULL,'A test group','2025-06-21 17:28:19.592','2025-06-21 17:28:19.592',NULL,'1') RETURNING "id"

2025/06/21 17:28:19 [31;1m/home/octavui/Desktop/semestre7/IDS/codeck/backend/models/group/gorm_group.go:19 [35;1mERROR: invalid input syntax for type uuid: "1" (SQLSTATE 22P02)
[0m[33m[0.648ms] [34;1m[rows:0][0m SELECT * FROM "groups" WHERE id = '1' AND "groups"."deleted_at" IS NULL ORDER BY "groups"."id" LIMIT 1

2025/06/21 17:28:19 [31;1m/home/octavui/Desktop/semestre7/IDS/codeck/backend/models/group/gorm_group.go:19 [35;1mERROR: invalid input syntax for type uuid: "1" (SQLSTATE 22P02)
[0m[33m[0.550ms] [34;1m[rows:0][0m SELECT * FROM "groups" WHERE id = '1' AND "groups"."deleted_at" IS NULL ORDER BY "groups"."id" LIMIT 1

2025/06/21 17:28:19 [31;1m/home/octavui/Desktop/semestre7/IDS/codeck/backend/models/group/gorm_group.go:19 [35;1mERROR: invalid input syntax for type uuid: "1" (SQLSTATE 22P02)
[0m[33m[0.568ms] [34;1m[rows:0][0m SELECT * FROM "groups" WHERE id = '1' AND "groups"."deleted_at" IS NULL ORDER BY "groups"."id" LIMIT 1
    group_controller_test.go:522: handler returned wrong status code: got 404 want 200
    group_controller_test.go:527: Failed to decode response body
--- FAIL: TestGetGroupInvites (0.00s)
=== RUN   TestDeactivateInviteValid

2025/06/21 17:28:19 [31;1m/home/octavui/Desktop/semestre7/IDS/codeck/backend/models/group/gorm_group.go:125 [35;1mERROR: relation "group_invites" does not exist (SQLSTATE 42P01)
[0m[33m[0.355ms] [34;1m[rows:0][0m DELETE FROM group_invites

2025/06/21 17:28:19 [31;1m/home/octavui/Desktop/semestre7/IDS/codeck/backend/models/group/gorm_group.go:126 [35;1mERROR: relation "group_members" does not exist (SQLSTATE 42P01)
[0m[33m[0.191ms] [34;1m[rows:0][0m DELETE FROM group_members

2025/06/21 17:28:19 [31;1m/home/octavui/Desktop/semestre7/IDS/codeck/backend/models/group/gorm_group.go:26 [35;1mERROR: invalid input syntax for type uuid: "1" (SQLSTATE 22P02)
[0m[33m[0.729ms] [34;1m[rows:0][0m INSERT INTO "groups" ("creator_id","name","start_date","end_date","group_image","description","created_at","updated_at","deleted_at","id") VALUES ('1','New Group','2025-06-21 17:28:19.595','2025-12-31 00:00:00',NULL,'A test group','2025-06-21 17:28:19.596','2025-06-21 17:28:19.596',NULL,'1') RETURNING "id"

2025/06/21 17:28:19 [31;1m/home/octavui/Desktop/semestre7/IDS/codeck/backend/models/group/gorm_group.go:19 [35;1mERROR: invalid input syntax for type uuid: "1" (SQLSTATE 22P02)
[0m[33m[0.582ms] [34;1m[rows:0][0m SELECT * FROM "groups" WHERE id = '1' AND "groups"."deleted_at" IS NULL ORDER BY "groups"."id" LIMIT 1
    group_controller_test.go:566: handler returned wrong status code: got 301 want 200
--- FAIL: TestDeactivateInviteValid (0.00s)
=== RUN   TestDeactivateInviteForbidden

2025/06/21 17:28:19 [31;1m/home/octavui/Desktop/semestre7/IDS/codeck/backend/models/group/gorm_group.go:125 [35;1mERROR: relation "group_invites" does not exist (SQLSTATE 42P01)
[0m[33m[0.342ms] [34;1m[rows:0][0m DELETE FROM group_invites

2025/06/21 17:28:19 [31;1m/home/octavui/Desktop/semestre7/IDS/codeck/backend/models/group/gorm_group.go:126 [35;1mERROR: relation "group_members" does not exist (SQLSTATE 42P01)
[0m[33m[0.190ms] [34;1m[rows:0][0m DELETE FROM group_members

2025/06/21 17:28:19 [31;1m/home/octavui/Desktop/semestre7/IDS/codeck/backend/models/group/gorm_group.go:26 [35;1mERROR: invalid input syntax for type uuid: "1" (SQLSTATE 22P02)
[0m[33m[0.700ms] [34;1m[rows:0][0m INSERT INTO "groups" ("creator_id","name","start_date","end_date","group_image","description","created_at","updated_at","deleted_at","id") VALUES ('1','New Group','2025-06-21 17:28:19.598','2025-12-31 00:00:00',NULL,'A test group','2025-06-21 17:28:19.598','2025-06-21 17:28:19.598',NULL,'1') RETURNING "id"

2025/06/21 17:28:19 [31;1m/home/octavui/Desktop/semestre7/IDS/codeck/backend/models/group/gorm_group.go:19 [35;1mERROR: invalid input syntax for type uuid: "1" (SQLSTATE 22P02)
[0m[33m[0.538ms] [34;1m[rows:0][0m SELECT * FROM "groups" WHERE id = '1' AND "groups"."deleted_at" IS NULL ORDER BY "groups"."id" LIMIT 1
    group_controller_test.go:601: handler returned wrong status code: got 301 want 403
--- FAIL: TestDeactivateInviteForbidden (0.00s)
=== RUN   TestSetUserNicknameValid

2025/06/21 17:28:19 [31;1m/home/octavui/Desktop/semestre7/IDS/codeck/backend/models/group/gorm_group.go:125 [35;1mERROR: relation "group_invites" does not exist (SQLSTATE 42P01)
[0m[33m[0.392ms] [34;1m[rows:0][0m DELETE FROM group_invites

2025/06/21 17:28:19 [31;1m/home/octavui/Desktop/semestre7/IDS/codeck/backend/models/group/gorm_group.go:126 [35;1mERROR: relation "group_members" does not exist (SQLSTATE 42P01)
[0m[33m[0.243ms] [34;1m[rows:0][0m DELETE FROM group_members

2025/06/21 17:28:19 [31;1m/home/octavui/Desktop/semestre7/IDS/codeck/backend/models/group/gorm_group.go:26 [35;1mERROR: invalid input syntax for type uuid: "1" (SQLSTATE 22P02)
[0m[33m[0.705ms] [34;1m[rows:0][0m INSERT INTO "groups" ("creator_id","name","start_date","end_date","group_image","description","created_at","updated_at","deleted_at","id") VALUES ('1','New Group','2025-06-21 17:28:19.6','2025-12-31 00:00:00',NULL,'A test group','2025-06-21 17:28:19.6','2025-06-21 17:28:19.6',NULL,'1') RETURNING "id"

2025/06/21 17:28:19 [31;1m/home/octavui/Desktop/semestre7/IDS/codeck/backend/models/group/gorm_group.go:19 [35;1mERROR: invalid input syntax for type uuid: "1" (SQLSTATE 22P02)
[0m[33m[0.619ms] [34;1m[rows:0][0m SELECT * FROM "groups" WHERE id = '1' AND "groups"."deleted_at" IS NULL ORDER BY "groups"."id" LIMIT 1

2025/06/21 17:28:19 [31;1m/home/octavui/Desktop/semestre7/IDS/codeck/backend/models/group/gorm_group.go:19 [35;1mERROR: invalid input syntax for type uuid: "1" (SQLSTATE 22P02)
[0m[33m[0.568ms] [34;1m[rows:0][0m SELECT * FROM "groups" WHERE id = '1' AND "groups"."deleted_at" IS NULL ORDER BY "groups"."id" LIMIT 1
    group_controller_test.go:634: handler returned wrong status code: got 404 want 200
    group_controller_test.go:639: Failed to decode response body
--- FAIL: TestSetUserNicknameValid (0.00s)
=== RUN   TestSetUserNicknameByGroupCreator

2025/06/21 17:28:19 [31;1m/home/octavui/Desktop/semestre7/IDS/codeck/backend/models/group/gorm_group.go:125 [35;1mERROR: relation "group_invites" does not exist (SQLSTATE 42P01)
[0m[33m[0.401ms] [34;1m[rows:0][0m DELETE FROM group_invites

2025/06/21 17:28:19 [31;1m/home/octavui/Desktop/semestre7/IDS/codeck/backend/models/group/gorm_group.go:126 [35;1mERROR: relation "group_members" does not exist (SQLSTATE 42P01)
[0m[33m[0.292ms] [34;1m[rows:0][0m DELETE FROM group_members

2025/06/21 17:28:19 [31;1m/home/octavui/Desktop/semestre7/IDS/codeck/backend/models/group/gorm_group.go:26 [35;1mERROR: invalid input syntax for type uuid: "1" (SQLSTATE 22P02)
[0m[33m[0.671ms] [34;1m[rows:0][0m INSERT INTO "groups" ("creator_id","name","start_date","end_date","group_image","description","created_at","updated_at","deleted_at","id") VALUES ('1','New Group','2025-06-21 17:28:19.603','2025-12-31 00:00:00',NULL,'A test group','2025-06-21 17:28:19.603','2025-06-21 17:28:19.603',NULL,'1') RETURNING "id"

2025/06/21 17:28:19 [31;1m/home/octavui/Desktop/semestre7/IDS/codeck/backend/models/group/gorm_group.go:19 [35;1mERROR: invalid input syntax for type uuid: "1" (SQLSTATE 22P02)
[0m[33m[0.642ms] [34;1m[rows:0][0m SELECT * FROM "groups" WHERE id = '1' AND "groups"."deleted_at" IS NULL ORDER BY "groups"."id" LIMIT 1

2025/06/21 17:28:19 [31;1m/home/octavui/Desktop/semestre7/IDS/codeck/backend/models/group/gorm_group.go:19 [35;1mERROR: invalid input syntax for type uuid: "1" (SQLSTATE 22P02)
[0m[33m[0.628ms] [34;1m[rows:0][0m SELECT * FROM "groups" WHERE id = '1' AND "groups"."deleted_at" IS NULL ORDER BY "groups"."id" LIMIT 1
    group_controller_test.go:676: handler returned wrong status code: got 404 want 200
--- FAIL: TestSetUserNicknameByGroupCreator (0.00s)
=== RUN   TestSetUserNicknameForbidden

2025/06/21 17:28:19 [31;1m/home/octavui/Desktop/semestre7/IDS/codeck/backend/models/group/gorm_group.go:125 [35;1mERROR: relation "group_invites" does not exist (SQLSTATE 42P01)
[0m[33m[0.434ms] [34;1m[rows:0][0m DELETE FROM group_invites

2025/06/21 17:28:19 [31;1m/home/octavui/Desktop/semestre7/IDS/codeck/backend/models/group/gorm_group.go:126 [35;1mERROR: relation "group_members" does not exist (SQLSTATE 42P01)
[0m[33m[0.271ms] [34;1m[rows:0][0m DELETE FROM group_members

2025/06/21 17:28:19 [31;1m/home/octavui/Desktop/semestre7/IDS/codeck/backend/models/group/gorm_group.go:26 [35;1mERROR: invalid input syntax for type uuid: "1" (SQLSTATE 22P02)
[0m[33m[0.907ms] [34;1m[rows:0][0m INSERT INTO "groups" ("creator_id","name","start_date","end_date","group_image","description","created_at","updated_at","deleted_at","id") VALUES ('1','New Group','2025-06-21 17:28:19.607','2025-12-31 00:00:00',NULL,'A test group','2025-06-21 17:28:19.607','2025-06-21 17:28:19.607',NULL,'1') RETURNING "id"

2025/06/21 17:28:19 [31;1m/home/octavui/Desktop/semestre7/IDS/codeck/backend/models/group/gorm_group.go:19 [35;1mERROR: invalid input syntax for type uuid: "1" (SQLSTATE 22P02)
[0m[33m[0.628ms] [34;1m[rows:0][0m SELECT * FROM "groups" WHERE id = '1' AND "groups"."deleted_at" IS NULL ORDER BY "groups"."id" LIMIT 1

2025/06/21 17:28:19 [31;1m/home/octavui/Desktop/semestre7/IDS/codeck/backend/models/group/gorm_group.go:19 [35;1mERROR: invalid input syntax for type uuid: "1" (SQLSTATE 22P02)
[0m[33m[0.603ms] [34;1m[rows:0][0m SELECT * FROM "groups" WHERE id = '1' AND "groups"."deleted_at" IS NULL ORDER BY "groups"."id" LIMIT 1
    group_controller_test.go:709: handler returned wrong status code: got 404 want 403
--- FAIL: TestSetUserNicknameForbidden (0.00s)
=== RUN   TestSetUserNicknameUserNotInGroup

2025/06/21 17:28:19 [31;1m/home/octavui/Desktop/semestre7/IDS/codeck/backend/models/group/gorm_group.go:125 [35;1mERROR: relation "group_invites" does not exist (SQLSTATE 42P01)
[0m[33m[0.396ms] [34;1m[rows:0][0m DELETE FROM group_invites

2025/06/21 17:28:19 [31;1m/home/octavui/Desktop/semestre7/IDS/codeck/backend/models/group/gorm_group.go:126 [35;1mERROR: relation "group_members" does not exist (SQLSTATE 42P01)
[0m[33m[0.207ms] [34;1m[rows:0][0m DELETE FROM group_members

2025/06/21 17:28:19 [31;1m/home/octavui/Desktop/semestre7/IDS/codeck/backend/models/group/gorm_group.go:26 [35;1mERROR: invalid input syntax for type uuid: "1" (SQLSTATE 22P02)
[0m[33m[0.827ms] [34;1m[rows:0][0m INSERT INTO "groups" ("creator_id","name","start_date","end_date","group_image","description","created_at","updated_at","deleted_at","id") VALUES ('1','New Group','2025-06-21 17:28:19.61','2025-12-31 00:00:00',NULL,'A test group','2025-06-21 17:28:19.61','2025-06-21 17:28:19.61',NULL,'1') RETURNING "id"

2025/06/21 17:28:19 [31;1m/home/octavui/Desktop/semestre7/IDS/codeck/backend/models/group/gorm_group.go:19 [35;1mERROR: invalid input syntax for type uuid: "1" (SQLSTATE 22P02)
[0m[33m[0.602ms] [34;1m[rows:0][0m SELECT * FROM "groups" WHERE id = '1' AND "groups"."deleted_at" IS NULL ORDER BY "groups"."id" LIMIT 1
--- PASS: TestSetUserNicknameUserNotInGroup (0.00s)
=== RUN   TestSetUserNicknameTooLong

2025/06/21 17:28:19 [31;1m/home/octavui/Desktop/semestre7/IDS/codeck/backend/models/group/gorm_group.go:125 [35;1mERROR: relation "group_invites" does not exist (SQLSTATE 42P01)
[0m[33m[0.346ms] [34;1m[rows:0][0m DELETE FROM group_invites

2025/06/21 17:28:19 [31;1m/home/octavui/Desktop/semestre7/IDS/codeck/backend/models/group/gorm_group.go:126 [35;1mERROR: relation "group_members" does not exist (SQLSTATE 42P01)
[0m[33m[0.282ms] [34;1m[rows:0][0m DELETE FROM group_members

2025/06/21 17:28:19 [31;1m/home/octavui/Desktop/semestre7/IDS/codeck/backend/models/group/gorm_group.go:26 [35;1mERROR: invalid input syntax for type uuid: "1" (SQLSTATE 22P02)
[0m[33m[0.750ms] [34;1m[rows:0][0m INSERT INTO "groups" ("creator_id","name","start_date","end_date","group_image","description","created_at","updated_at","deleted_at","id") VALUES ('1','New Group','2025-06-21 17:28:19.612','2025-12-31 00:00:00',NULL,'A test group','2025-06-21 17:28:19.613','2025-06-21 17:28:19.613',NULL,'1') RETURNING "id"

2025/06/21 17:28:19 [31;1m/home/octavui/Desktop/semestre7/IDS/codeck/backend/models/group/gorm_group.go:19 [35;1mERROR: invalid input syntax for type uuid: "1" (SQLSTATE 22P02)
[0m[33m[0.594ms] [34;1m[rows:0][0m SELECT * FROM "groups" WHERE id = '1' AND "groups"."deleted_at" IS NULL ORDER BY "groups"."id" LIMIT 1

2025/06/21 17:28:19 [31;1m/home/octavui/Desktop/semestre7/IDS/codeck/backend/models/group/gorm_group.go:19 [35;1mERROR: invalid input syntax for type uuid: "1" (SQLSTATE 22P02)
[0m[33m[0.537ms] [34;1m[rows:0][0m SELECT * FROM "groups" WHERE id = '1' AND "groups"."deleted_at" IS NULL ORDER BY "groups"."id" LIMIT 1
    group_controller_test.go:771: handler returned wrong status code: got 404 want 400
--- FAIL: TestSetUserNicknameTooLong (0.00s)
=== RUN   TestDeleteUserNicknameValid

2025/06/21 17:28:19 [31;1m/home/octavui/Desktop/semestre7/IDS/codeck/backend/models/group/gorm_group.go:125 [35;1mERROR: relation "group_invites" does not exist (SQLSTATE 42P01)
[0m[33m[0.364ms] [34;1m[rows:0][0m DELETE FROM group_invites

2025/06/21 17:28:19 [31;1m/home/octavui/Desktop/semestre7/IDS/codeck/backend/models/group/gorm_group.go:126 [35;1mERROR: relation "group_members" does not exist (SQLSTATE 42P01)
[0m[33m[0.191ms] [34;1m[rows:0][0m DELETE FROM group_members

2025/06/21 17:28:19 [31;1m/home/octavui/Desktop/semestre7/IDS/codeck/backend/models/group/gorm_group.go:26 [35;1mERROR: invalid input syntax for type uuid: "1" (SQLSTATE 22P02)
[0m[33m[0.714ms] [34;1m[rows:0][0m INSERT INTO "groups" ("creator_id","name","start_date","end_date","group_image","description","created_at","updated_at","deleted_at","id") VALUES ('1','New Group','2025-06-21 17:28:19.615','2025-12-31 00:00:00',NULL,'A test group','2025-06-21 17:28:19.615','2025-06-21 17:28:19.615',NULL,'1') RETURNING "id"

2025/06/21 17:28:19 [31;1m/home/octavui/Desktop/semestre7/IDS/codeck/backend/models/group/gorm_group.go:19 [35;1mERROR: invalid input syntax for type uuid: "1" (SQLSTATE 22P02)
[0m[33m[0.547ms] [34;1m[rows:0][0m SELECT * FROM "groups" WHERE id = '1' AND "groups"."deleted_at" IS NULL ORDER BY "groups"."id" LIMIT 1

2025/06/21 17:28:19 [31;1m/home/octavui/Desktop/semestre7/IDS/codeck/backend/models/group/gorm_group.go:19 [35;1mERROR: invalid input syntax for type uuid: "1" (SQLSTATE 22P02)
[0m[33m[0.547ms] [34;1m[rows:0][0m SELECT * FROM "groups" WHERE id = '1' AND "groups"."deleted_at" IS NULL ORDER BY "groups"."id" LIMIT 1
    group_controller_test.go:804: handler returned wrong status code: got 404 want 200
    group_controller_test.go:809: Failed to decode response body
--- FAIL: TestDeleteUserNicknameValid (0.00s)
=== RUN   TestDeleteUserNicknameForbidden

2025/06/21 17:28:19 [31;1m/home/octavui/Desktop/semestre7/IDS/codeck/backend/models/group/gorm_group.go:125 [35;1mERROR: relation "group_invites" does not exist (SQLSTATE 42P01)
[0m[33m[0.379ms] [34;1m[rows:0][0m DELETE FROM group_invites

2025/06/21 17:28:19 [31;1m/home/octavui/Desktop/semestre7/IDS/codeck/backend/models/group/gorm_group.go:126 [35;1mERROR: relation "group_members" does not exist (SQLSTATE 42P01)
[0m[33m[0.242ms] [34;1m[rows:0][0m DELETE FROM group_members

2025/06/21 17:28:19 [31;1m/home/octavui/Desktop/semestre7/IDS/codeck/backend/models/group/gorm_group.go:26 [35;1mERROR: invalid input syntax for type uuid: "1" (SQLSTATE 22P02)
[0m[33m[0.752ms] [34;1m[rows:0][0m INSERT INTO "groups" ("creator_id","name","start_date","end_date","group_image","description","created_at","updated_at","deleted_at","id") VALUES ('1','New Group','2025-06-21 17:28:19.618','2025-12-31 00:00:00',NULL,'A test group','2025-06-21 17:28:19.618','2025-06-21 17:28:19.618',NULL,'1') RETURNING "id"

2025/06/21 17:28:19 [31;1m/home/octavui/Desktop/semestre7/IDS/codeck/backend/models/group/gorm_group.go:19 [35;1mERROR: invalid input syntax for type uuid: "1" (SQLSTATE 22P02)
[0m[33m[0.544ms] [34;1m[rows:0][0m SELECT * FROM "groups" WHERE id = '1' AND "groups"."deleted_at" IS NULL ORDER BY "groups"."id" LIMIT 1

2025/06/21 17:28:19 [31;1m/home/octavui/Desktop/semestre7/IDS/codeck/backend/models/group/gorm_group.go:19 [35;1mERROR: invalid input syntax for type uuid: "1" (SQLSTATE 22P02)
[0m[33m[0.782ms] [34;1m[rows:0][0m SELECT * FROM "groups" WHERE id = '1' AND "groups"."deleted_at" IS NULL ORDER BY "groups"."id" LIMIT 1
    group_controller_test.go:846: handler returned wrong status code: got 404 want 403
--- FAIL: TestDeleteUserNicknameForbidden (0.00s)
=== RUN   TestGetGroupForbidden

2025/06/21 17:28:19 [31;1m/home/octavui/Desktop/semestre7/IDS/codeck/backend/models/group/gorm_group.go:125 [35;1mERROR: relation "group_invites" does not exist (SQLSTATE 42P01)
[0m[33m[0.386ms] [34;1m[rows:0][0m DELETE FROM group_invites

2025/06/21 17:28:19 [31;1m/home/octavui/Desktop/semestre7/IDS/codeck/backend/models/group/gorm_group.go:126 [35;1mERROR: relation "group_members" does not exist (SQLSTATE 42P01)
[0m[33m[0.197ms] [34;1m[rows:0][0m DELETE FROM group_members

2025/06/21 17:28:19 [31;1m/home/octavui/Desktop/semestre7/IDS/codeck/backend/models/group/gorm_group.go:26 [35;1mERROR: invalid input syntax for type uuid: "1" (SQLSTATE 22P02)
[0m[33m[0.864ms] [34;1m[rows:0][0m INSERT INTO "groups" ("creator_id","name","start_date","end_date","group_image","description","created_at","updated_at","deleted_at","id") VALUES ('1','New Group','2025-06-21 17:28:19.622','2025-12-31 00:00:00',NULL,'A test group','2025-06-21 17:28:19.622','2025-06-21 17:28:19.622',NULL,'1') RETURNING "id"

2025/06/21 17:28:19 [31;1m/home/octavui/Desktop/semestre7/IDS/codeck/backend/models/group/gorm_group.go:19 [35;1mERROR: invalid input syntax for type uuid: "1" (SQLSTATE 22P02)
[0m[33m[0.990ms] [34;1m[rows:0][0m SELECT * FROM "groups" WHERE id = '1' AND "groups"."deleted_at" IS NULL ORDER BY "groups"."id" LIMIT 1
    group_controller_test.go:862: handler returned wrong status code: got 404 want 403
--- FAIL: TestGetGroupForbidden (0.00s)
=== RUN   TestGetGroupAsMember

2025/06/21 17:28:19 [31;1m/home/octavui/Desktop/semestre7/IDS/codeck/backend/models/group/gorm_group.go:125 [35;1mERROR: relation "group_invites" does not exist (SQLSTATE 42P01)
[0m[33m[0.381ms] [34;1m[rows:0][0m DELETE FROM group_invites

2025/06/21 17:28:19 [31;1m/home/octavui/Desktop/semestre7/IDS/codeck/backend/models/group/gorm_group.go:126 [35;1mERROR: relation "group_members" does not exist (SQLSTATE 42P01)
[0m[33m[0.186ms] [34;1m[rows:0][0m DELETE FROM group_members

2025/06/21 17:28:19 [31;1m/home/octavui/Desktop/semestre7/IDS/codeck/backend/models/group/gorm_group.go:26 [35;1mERROR: invalid input syntax for type uuid: "1" (SQLSTATE 22P02)
[0m[33m[0.830ms] [34;1m[rows:0][0m INSERT INTO "groups" ("creator_id","name","start_date","end_date","group_image","description","created_at","updated_at","deleted_at","id") VALUES ('1','New Group','2025-06-21 17:28:19.625','2025-12-31 00:00:00',NULL,'A test group','2025-06-21 17:28:19.625','2025-06-21 17:28:19.625',NULL,'1') RETURNING "id"

2025/06/21 17:28:19 [31;1m/home/octavui/Desktop/semestre7/IDS/codeck/backend/models/group/gorm_group.go:19 [35;1mERROR: invalid input syntax for type uuid: "1" (SQLSTATE 22P02)
[0m[33m[0.540ms] [34;1m[rows:0][0m SELECT * FROM "groups" WHERE id = '1' AND "groups"."deleted_at" IS NULL ORDER BY "groups"."id" LIMIT 1

2025/06/21 17:28:19 [31;1m/home/octavui/Desktop/semestre7/IDS/codeck/backend/models/group/gorm_group.go:19 [35;1mERROR: invalid input syntax for type uuid: "1" (SQLSTATE 22P02)
[0m[33m[0.631ms] [34;1m[rows:0][0m SELECT * FROM "groups" WHERE id = '1' AND "groups"."deleted_at" IS NULL ORDER BY "groups"."id" LIMIT 1
    group_controller_test.go:889: handler returned wrong status code: got 404 want 200
--- FAIL: TestGetGroupAsMember (0.00s)
=== RUN   TestGetGroupMembersForbidden

2025/06/21 17:28:19 [31;1m/home/octavui/Desktop/semestre7/IDS/codeck/backend/models/group/gorm_group.go:125 [35;1mERROR: relation "group_invites" does not exist (SQLSTATE 42P01)
[0m[33m[0.321ms] [34;1m[rows:0][0m DELETE FROM group_invites

2025/06/21 17:28:19 [31;1m/home/octavui/Desktop/semestre7/IDS/codeck/backend/models/group/gorm_group.go:126 [35;1mERROR: relation "group_members" does not exist (SQLSTATE 42P01)
[0m[33m[0.159ms] [34;1m[rows:0][0m DELETE FROM group_members

2025/06/21 17:28:19 [31;1m/home/octavui/Desktop/semestre7/IDS/codeck/backend/models/group/gorm_group.go:26 [35;1mERROR: invalid input syntax for type uuid: "1" (SQLSTATE 22P02)
[0m[33m[0.673ms] [34;1m[rows:0][0m INSERT INTO "groups" ("creator_id","name","start_date","end_date","group_image","description","created_at","updated_at","deleted_at","id") VALUES ('1','New Group','2025-06-21 17:28:19.628','2025-12-31 00:00:00',NULL,'A test group','2025-06-21 17:28:19.628','2025-06-21 17:28:19.628',NULL,'1') RETURNING "id"

2025/06/21 17:28:19 [31;1m/home/octavui/Desktop/semestre7/IDS/codeck/backend/models/group/gorm_group.go:19 [35;1mERROR: invalid input syntax for type uuid: "1" (SQLSTATE 22P02)
[0m[33m[0.498ms] [34;1m[rows:0][0m SELECT * FROM "groups" WHERE id = '1' AND "groups"."deleted_at" IS NULL ORDER BY "groups"."id" LIMIT 1
    group_controller_test.go:905: handler returned wrong status code: got 404 want 403
--- FAIL: TestGetGroupMembersForbidden (0.00s)
=== RUN   TestGetGroupActivitiesAsMember

2025/06/21 17:28:19 [31;1m/home/octavui/Desktop/semestre7/IDS/codeck/backend/models/group/gorm_group.go:125 [35;1mERROR: relation "group_invites" does not exist (SQLSTATE 42P01)
[0m[33m[0.358ms] [34;1m[rows:0][0m DELETE FROM group_invites

2025/06/21 17:28:19 [31;1m/home/octavui/Desktop/semestre7/IDS/codeck/backend/models/group/gorm_group.go:126 [35;1mERROR: relation "group_members" does not exist (SQLSTATE 42P01)
[0m[33m[0.213ms] [34;1m[rows:0][0m DELETE FROM group_members

2025/06/21 17:28:19 [31;1m/home/octavui/Desktop/semestre7/IDS/codeck/backend/models/group/gorm_group.go:26 [35;1mERROR: invalid input syntax for type uuid: "1" (SQLSTATE 22P02)
[0m[33m[0.684ms] [34;1m[rows:0][0m INSERT INTO "groups" ("creator_id","name","start_date","end_date","group_image","description","created_at","updated_at","deleted_at","id") VALUES ('1','New Group','2025-06-21 17:28:19.63','2025-12-31 00:00:00',NULL,'A test group','2025-06-21 17:28:19.63','2025-06-21 17:28:19.63',NULL,'1') RETURNING "id"

2025/06/21 17:28:19 [31;1m/home/octavui/Desktop/semestre7/IDS/codeck/backend/models/group/gorm_group.go:19 [35;1mERROR: invalid input syntax for type uuid: "1" (SQLSTATE 22P02)
[0m[33m[0.536ms] [34;1m[rows:0][0m SELECT * FROM "groups" WHERE id = '1' AND "groups"."deleted_at" IS NULL ORDER BY "groups"."id" LIMIT 1

2025/06/21 17:28:19 [31;1m/home/octavui/Desktop/semestre7/IDS/codeck/backend/models/group/gorm_group.go:19 [35;1mERROR: invalid input syntax for type uuid: "1" (SQLSTATE 22P02)
[0m[33m[0.597ms] [34;1m[rows:0][0m SELECT * FROM "groups" WHERE id = '1' AND "groups"."deleted_at" IS NULL ORDER BY "groups"."id" LIMIT 1
    group_controller_test.go:932: handler returned wrong status code: got 404 want 200
    group_controller_test.go:937: Failed to decode response body
--- FAIL: TestGetGroupActivitiesAsMember (0.00s)
=== RUN   TestGetGroupActivitiesForbidden

2025/06/21 17:28:19 [31;1m/home/octavui/Desktop/semestre7/IDS/codeck/backend/models/group/gorm_group.go:125 [35;1mERROR: relation "group_invites" does not exist (SQLSTATE 42P01)
[0m[33m[0.353ms] [34;1m[rows:0][0m DELETE FROM group_invites

2025/06/21 17:28:19 [31;1m/home/octavui/Desktop/semestre7/IDS/codeck/backend/models/group/gorm_group.go:126 [35;1mERROR: relation "group_members" does not exist (SQLSTATE 42P01)
[0m[33m[0.192ms] [34;1m[rows:0][0m DELETE FROM group_members

2025/06/21 17:28:19 [31;1m/home/octavui/Desktop/semestre7/IDS/codeck/backend/models/group/gorm_group.go:26 [35;1mERROR: invalid input syntax for type uuid: "1" (SQLSTATE 22P02)
[0m[33m[0.701ms] [34;1m[rows:0][0m INSERT INTO "groups" ("creator_id","name","start_date","end_date","group_image","description","created_at","updated_at","deleted_at","id") VALUES ('1','New Group','2025-06-21 17:28:19.633','2025-12-31 00:00:00',NULL,'A test group','2025-06-21 17:28:19.633','2025-06-21 17:28:19.633',NULL,'1') RETURNING "id"

2025/06/21 17:28:19 [31;1m/home/octavui/Desktop/semestre7/IDS/codeck/backend/models/group/gorm_group.go:19 [35;1mERROR: invalid input syntax for type uuid: "1" (SQLSTATE 22P02)
[0m[33m[0.632ms] [34;1m[rows:0][0m SELECT * FROM "groups" WHERE id = '1' AND "groups"."deleted_at" IS NULL ORDER BY "groups"."id" LIMIT 1
    group_controller_test.go:963: handler returned wrong status code: got 404 want 403
--- FAIL: TestGetGroupActivitiesForbidden (0.00s)
=== RUN   TestGetGroupRequiresAuthorization

2025/06/21 17:28:19 [31;1m/home/octavui/Desktop/semestre7/IDS/codeck/backend/models/group/gorm_group.go:125 [35;1mERROR: relation "group_invites" does not exist (SQLSTATE 42P01)
[0m[33m[0.370ms] [34;1m[rows:0][0m DELETE FROM group_invites

2025/06/21 17:28:19 [31;1m/home/octavui/Desktop/semestre7/IDS/codeck/backend/models/group/gorm_group.go:126 [35;1mERROR: relation "group_members" does not exist (SQLSTATE 42P01)
[0m[33m[0.230ms] [34;1m[rows:0][0m DELETE FROM group_members

2025/06/21 17:28:19 [31;1m/home/octavui/Desktop/semestre7/IDS/codeck/backend/models/group/gorm_group.go:26 [35;1mERROR: invalid input syntax for type uuid: "1" (SQLSTATE 22P02)
[0m[33m[0.641ms] [34;1m[rows:0][0m INSERT INTO "groups" ("creator_id","name","start_date","end_date","group_image","description","created_at","updated_at","deleted_at","id") VALUES ('1','New Group','2025-06-21 17:28:19.635','2025-12-31 00:00:00',NULL,'A test group','2025-06-21 17:28:19.635','2025-06-21 17:28:19.635',NULL,'1') RETURNING "id"

2025/06/21 17:28:19 [31;1m/home/octavui/Desktop/semestre7/IDS/codeck/backend/models/group/gorm_group.go:19 [35;1mERROR: invalid input syntax for type uuid: "1" (SQLSTATE 22P02)
[0m[33m[0.537ms] [34;1m[rows:0][0m SELECT * FROM "groups" WHERE id = '1' AND "groups"."deleted_at" IS NULL ORDER BY "groups"."id" LIMIT 1
    group_controller_test.go:980: handler returned wrong status code: got 404 want 403
--- FAIL: TestGetGroupRequiresAuthorization (0.00s)
=== RUN   TestGetGroupAllowsGroupMembers

2025/06/21 17:28:19 [31;1m/home/octavui/Desktop/semestre7/IDS/codeck/backend/models/group/gorm_group.go:125 [35;1mERROR: relation "group_invites" does not exist (SQLSTATE 42P01)
[0m[33m[0.293ms] [34;1m[rows:0][0m DELETE FROM group_invites

2025/06/21 17:28:19 [31;1m/home/octavui/Desktop/semestre7/IDS/codeck/backend/models/group/gorm_group.go:126 [35;1mERROR: relation "group_members" does not exist (SQLSTATE 42P01)
[0m[33m[0.197ms] [34;1m[rows:0][0m DELETE FROM group_members

2025/06/21 17:28:19 [31;1m/home/octavui/Desktop/semestre7/IDS/codeck/backend/models/group/gorm_group.go:26 [35;1mERROR: invalid input syntax for type uuid: "1" (SQLSTATE 22P02)
[0m[33m[1.068ms] [34;1m[rows:0][0m INSERT INTO "groups" ("creator_id","name","start_date","end_date","group_image","description","created_at","updated_at","deleted_at","id") VALUES ('1','New Group','2025-06-21 17:28:19.637','2025-12-31 00:00:00',NULL,'A test group','2025-06-21 17:28:19.637','2025-06-21 17:28:19.637',NULL,'1') RETURNING "id"

2025/06/21 17:28:19 [31;1m/home/octavui/Desktop/semestre7/IDS/codeck/backend/models/group/gorm_group.go:19 [35;1mERROR: invalid input syntax for type uuid: "1" (SQLSTATE 22P02)
[0m[33m[0.590ms] [34;1m[rows:0][0m SELECT * FROM "groups" WHERE id = '1' AND "groups"."deleted_at" IS NULL ORDER BY "groups"."id" LIMIT 1

2025/06/21 17:28:19 [31;1m/home/octavui/Desktop/semestre7/IDS/codeck/backend/models/group/gorm_group.go:19 [35;1mERROR: invalid input syntax for type uuid: "1" (SQLSTATE 22P02)
[0m[33m[0.707ms] [34;1m[rows:0][0m SELECT * FROM "groups" WHERE id = '1' AND "groups"."deleted_at" IS NULL ORDER BY "groups"."id" LIMIT 1
    group_controller_test.go:1007: handler returned wrong status code: got 404 want 200
--- FAIL: TestGetGroupAllowsGroupMembers (0.00s)
=== RUN   TestGetGroupMissingRequesterID

2025/06/21 17:28:19 [31;1m/home/octavui/Desktop/semestre7/IDS/codeck/backend/models/group/gorm_group.go:125 [35;1mERROR: relation "group_invites" does not exist (SQLSTATE 42P01)
[0m[33m[0.378ms] [34;1m[rows:0][0m DELETE FROM group_invites

2025/06/21 17:28:19 [31;1m/home/octavui/Desktop/semestre7/IDS/codeck/backend/models/group/gorm_group.go:126 [35;1mERROR: relation "group_members" does not exist (SQLSTATE 42P01)
[0m[33m[0.204ms] [34;1m[rows:0][0m DELETE FROM group_members

2025/06/21 17:28:19 [31;1m/home/octavui/Desktop/semestre7/IDS/codeck/backend/models/group/gorm_group.go:26 [35;1mERROR: invalid input syntax for type uuid: "1" (SQLSTATE 22P02)
[0m[33m[0.732ms] [34;1m[rows:0][0m INSERT INTO "groups" ("creator_id","name","start_date","end_date","group_image","description","created_at","updated_at","deleted_at","id") VALUES ('1','New Group','2025-06-21 17:28:19.641','2025-12-31 00:00:00',NULL,'A test group','2025-06-21 17:28:19.641','2025-06-21 17:28:19.641',NULL,'1') RETURNING "id"
--- PASS: TestGetGroupMissingRequesterID (0.00s)
=== RUN   TestGetGroupMembersMissingRequesterID

2025/06/21 17:28:19 [31;1m/home/octavui/Desktop/semestre7/IDS/codeck/backend/models/group/gorm_group.go:125 [35;1mERROR: relation "group_invites" does not exist (SQLSTATE 42P01)
[0m[33m[0.378ms] [34;1m[rows:0][0m DELETE FROM group_invites

2025/06/21 17:28:19 [31;1m/home/octavui/Desktop/semestre7/IDS/codeck/backend/models/group/gorm_group.go:126 [35;1mERROR: relation "group_members" does not exist (SQLSTATE 42P01)
[0m[33m[0.250ms] [34;1m[rows:0][0m DELETE FROM group_members

2025/06/21 17:28:19 [31;1m/home/octavui/Desktop/semestre7/IDS/codeck/backend/models/group/gorm_group.go:26 [35;1mERROR: invalid input syntax for type uuid: "1" (SQLSTATE 22P02)
[0m[33m[0.757ms] [34;1m[rows:0][0m INSERT INTO "groups" ("creator_id","name","start_date","end_date","group_image","description","created_at","updated_at","deleted_at","id") VALUES ('1','New Group','2025-06-21 17:28:19.642','2025-12-31 00:00:00',NULL,'A test group','2025-06-21 17:28:19.643','2025-06-21 17:28:19.643',NULL,'1') RETURNING "id"
--- PASS: TestGetGroupMembersMissingRequesterID (0.00s)
=== RUN   TestLoginSuccess

2025/06/21 17:28:19 [31;1m/home/octavui/Desktop/semestre7/IDS/codeck/backend/models/user/gorm_user.go:30 [35;1mERROR: invalid input syntax for type uuid: "1" (SQLSTATE 22P02)
[0m[33m[0.796ms] [34;1m[rows:0][0m INSERT INTO "users" ("email","name","password","created_at","updated_at","deleted_at","id") VALUES ('user@example.com','Test User','password123','2025-06-21 17:28:19.644','2025-06-21 17:28:19.644',NULL,'1') RETURNING "id"

2025/06/21 17:28:19 [31;1m/home/octavui/Desktop/semestre7/IDS/codeck/backend/models/user/gorm_user.go:36 [35;1mrecord not found
[0m[33m[0.865ms] [34;1m[rows:0][0m SELECT * FROM "users" WHERE email = 'user@example.com' AND "users"."deleted_at" IS NULL ORDER BY "users"."id" LIMIT 1
    login_controller_test.go:29: handler returned wrong status code: got 401 want 200
    login_controller_test.go:34: Failed to decode response body
--- FAIL: TestLoginSuccess (0.00s)
=== RUN   TestLoginInvalidCredentials

2025/06/21 17:28:19 [31;1m/home/octavui/Desktop/semestre7/IDS/codeck/backend/models/user/gorm_user.go:30 [35;1mERROR: invalid input syntax for type uuid: "1" (SQLSTATE 22P02)
[0m[33m[0.927ms] [34;1m[rows:0][0m INSERT INTO "users" ("email","name","password","created_at","updated_at","deleted_at","id") VALUES ('user@example.com','Test User','password123','2025-06-21 17:28:19.646','2025-06-21 17:28:19.646',NULL,'1') RETURNING "id"

2025/06/21 17:28:19 [31;1m/home/octavui/Desktop/semestre7/IDS/codeck/backend/models/user/gorm_user.go:36 [35;1mrecord not found
[0m[33m[0.580ms] [34;1m[rows:0][0m SELECT * FROM "users" WHERE email = 'user@example.com' AND "users"."deleted_at" IS NULL ORDER BY "users"."id" LIMIT 1
--- PASS: TestLoginInvalidCredentials (0.00s)
=== RUN   TestLoginMissingFields

2025/06/21 17:28:19 [31;1m/home/octavui/Desktop/semestre7/IDS/codeck/backend/models/user/gorm_user.go:30 [35;1mERROR: invalid input syntax for type uuid: "1" (SQLSTATE 22P02)
[0m[33m[0.879ms] [34;1m[rows:0][0m INSERT INTO "users" ("email","name","password","created_at","updated_at","deleted_at","id") VALUES ('user@example.com','Test User','password123','2025-06-21 17:28:19.648','2025-06-21 17:28:19.648',NULL,'1') RETURNING "id"
--- PASS: TestLoginMissingFields (0.00s)
=== RUN   TestCreateUserValid

2025/06/21 17:28:19 [31;1m/home/octavui/Desktop/semestre7/IDS/codeck/backend/models/user/gorm_user.go:30 [35;1mERROR: invalid input syntax for type uuid: "1" (SQLSTATE 22P02)
[0m[33m[0.862ms] [34;1m[rows:0][0m INSERT INTO "users" ("email","name","password","created_at","updated_at","deleted_at","id") VALUES ('user@example.com','Test User','password123','2025-06-21 17:28:19.65','2025-06-21 17:28:19.65',NULL,'1') RETURNING "id"

2025/06/21 17:28:19 [31;1m/home/octavui/Desktop/semestre7/IDS/codeck/backend/models/user/gorm_user.go:23 [35;1mrecord not found
[0m[33m[0.548ms] [34;1m[rows:0][0m SELECT * FROM "users" WHERE email = 'newuser@example.com' AND "users"."deleted_at" IS NULL ORDER BY "users"."id" LIMIT 1
--- PASS: TestCreateUserValid (0.00s)
=== RUN   TestCreateUserInvalid

2025/06/21 17:28:19 [31;1m/home/octavui/Desktop/semestre7/IDS/codeck/backend/models/user/gorm_user.go:30 [35;1mERROR: invalid input syntax for type uuid: "1" (SQLSTATE 22P02)
[0m[33m[0.875ms] [34;1m[rows:0][0m INSERT INTO "users" ("email","name","password","created_at","updated_at","deleted_at","id") VALUES ('user@example.com','Test User','password123','2025-06-21 17:28:19.654','2025-06-21 17:28:19.654',NULL,'1') RETURNING "id"
--- PASS: TestCreateUserInvalid (0.00s)
=== RUN   TestGetUserInfo

2025/06/21 17:28:19 [31;1m/home/octavui/Desktop/semestre7/IDS/codeck/backend/models/user/gorm_user.go:30 [35;1mERROR: invalid input syntax for type uuid: "1" (SQLSTATE 22P02)
[0m[33m[1.198ms] [34;1m[rows:0][0m INSERT INTO "users" ("email","name","password","created_at","updated_at","deleted_at","id") VALUES ('user@example.com','Test User','password123','2025-06-21 17:28:19.656','2025-06-21 17:28:19.656',NULL,'1') RETURNING "id"

2025/06/21 17:28:19 [31;1m/home/octavui/Desktop/semestre7/IDS/codeck/backend/models/user/gorm_user.go:15 [35;1mERROR: invalid input syntax for type uuid: "1" (SQLSTATE 22P02)
[0m[33m[0.692ms] [34;1m[rows:0][0m SELECT * FROM "users" WHERE id = '1' AND "users"."deleted_at" IS NULL ORDER BY "users"."id" LIMIT 1
    user_controller_test.go:87: handler returned wrong status code: got 404 want 200
    user_controller_test.go:92: Failed to decode response body: invalid character 'U' looking for beginning of value
--- FAIL: TestGetUserInfo (0.00s)
=== RUN   TestGetUserActivities

2025/06/21 17:28:19 [31;1m/home/octavui/Desktop/semestre7/IDS/codeck/backend/models/user/gorm_user.go:30 [35;1mERROR: invalid input syntax for type uuid: "1" (SQLSTATE 22P02)
[0m[33m[0.883ms] [34;1m[rows:0][0m INSERT INTO "users" ("email","name","password","created_at","updated_at","deleted_at","id") VALUES ('user@example.com','Test User','password123','2025-06-21 17:28:19.659','2025-06-21 17:28:19.659',NULL,'1') RETURNING "id"

2025/06/21 17:28:19 [31;1m/home/octavui/Desktop/semestre7/IDS/codeck/backend/models/activity/gorm_activity.go:33 [35;1mERROR: invalid input syntax for type uuid: "1" (SQLSTATE 22P02)
[0m[33m[0.747ms] [34;1m[rows:0][0m INSERT INTO "activities" ("creator_id","title","date","activity_image","description","created_at","updated_at","deleted_at","id") VALUES ('1','New Activity','2025-12-31 00:00:00',NULL,'Dpzinha legal demais','2025-06-21 17:28:19.66','2025-06-21 17:28:19.66',NULL,'1') RETURNING "id"

2025/06/21 17:28:19 [31;1m/home/octavui/Desktop/semestre7/IDS/codeck/backend/models/activity/gorm_activity.go:33 [35;1mERROR: invalid input syntax for type uuid: "1" (SQLSTATE 22P02)
[0m[33m[0.982ms] [34;1m[rows:0][0m INSERT INTO "activities" ("creator_id","title","date","activity_image","description","created_at","updated_at","deleted_at") VALUES ('1','Test Activity 1','2025-07-01 00:00:00',NULL,'Test description 1','2025-06-21 17:28:19.661','2025-06-21 17:28:19.661',NULL) RETURNING "id"

2025/06/21 17:28:19 [31;1m/home/octavui/Desktop/semestre7/IDS/codeck/backend/models/activity/gorm_activity.go:33 [35;1mERROR: invalid input syntax for type uuid: "1" (SQLSTATE 22P02)
[0m[33m[0.929ms] [34;1m[rows:0][0m INSERT INTO "activities" ("creator_id","title","date","activity_image","description","created_at","updated_at","deleted_at") VALUES ('1','Test Activity 2','2025-07-02 00:00:00',NULL,'Test description 2','2025-06-21 17:28:19.662','2025-06-21 17:28:19.662',NULL) RETURNING "id"

2025/06/21 17:28:19 [31;1m/home/octavui/Desktop/semestre7/IDS/codeck/backend/models/activity/gorm_activity.go:33 [35;1mERROR: invalid input syntax for type uuid: "999" (SQLSTATE 22P02)
[0m[33m[0.934ms] [34;1m[rows:0][0m INSERT INTO "activities" ("creator_id","title","date","activity_image","description","created_at","updated_at","deleted_at") VALUES ('999','Other User Activity','2025-07-03 00:00:00',NULL,'Should not be returned','2025-06-21 17:28:19.663','2025-06-21 17:28:19.663',NULL) RETURNING "id"

2025/06/21 17:28:19 [31;1m/home/octavui/Desktop/semestre7/IDS/codeck/backend/models/user/gorm_user.go:15 [35;1mERROR: invalid input syntax for type uuid: "1" (SQLSTATE 22P02)
[0m[33m[0.571ms] [34;1m[rows:0][0m SELECT * FROM "users" WHERE id = '1' AND "users"."deleted_at" IS NULL ORDER BY "users"."id" LIMIT 1
    user_controller_test.go:139: handler returned wrong status code: got 404 want 200
    user_controller_test.go:144: Failed to decode response body: invalid character 'U' looking for beginning of value
--- FAIL: TestGetUserActivities (0.01s)
=== RUN   TestGetUserActivitiesUserNotFound

2025/06/21 17:28:19 [31;1m/home/octavui/Desktop/semestre7/IDS/codeck/backend/models/user/gorm_user.go:30 [35;1mERROR: invalid input syntax for type uuid: "1" (SQLSTATE 22P02)
[0m[33m[0.871ms] [34;1m[rows:0][0m INSERT INTO "users" ("email","name","password","created_at","updated_at","deleted_at","id") VALUES ('user@example.com','Test User','password123','2025-06-21 17:28:19.665','2025-06-21 17:28:19.665',NULL,'1') RETURNING "id"

2025/06/21 17:28:19 [31;1m/home/octavui/Desktop/semestre7/IDS/codeck/backend/models/user/gorm_user.go:15 [35;1mERROR: invalid input syntax for type uuid: "999" (SQLSTATE 22P02)
[0m[33m[0.655ms] [34;1m[rows:0][0m SELECT * FROM "users" WHERE id = '999' AND "users"."deleted_at" IS NULL ORDER BY "users"."id" LIMIT 1
--- PASS: TestGetUserActivitiesUserNotFound (0.00s)
FAIL
FAIL	backend/tests	0.303s
FAIL
